Archive member included to satisfy reference by file (symbol)

c:/st/stm32cubeide_1.4.0/stm32cubeide/plugins/com.st.stm32cube.ide.mcu.externaltools.gnu-tools-for-stm32.7-2018-q2-update.win32_1.4.0.202007081208/tools/bin/../lib/gcc/arm-none-eabi/7.3.1/../../../../arm-none-eabi/lib/thumb/v7-m\libc_nano.a(lib_a-errno.o)
                              Core/Src/syscalls.o (__errno)
c:/st/stm32cubeide_1.4.0/stm32cubeide/plugins/com.st.stm32cube.ide.mcu.externaltools.gnu-tools-for-stm32.7-2018-q2-update.win32_1.4.0.202007081208/tools/bin/../lib/gcc/arm-none-eabi/7.3.1/../../../../arm-none-eabi/lib/thumb/v7-m\libc_nano.a(lib_a-exit.o)
                              c:/st/stm32cubeide_1.4.0/stm32cubeide/plugins/com.st.stm32cube.ide.mcu.externaltools.gnu-tools-for-stm32.7-2018-q2-update.win32_1.4.0.202007081208/tools/bin/../lib/gcc/arm-none-eabi/7.3.1/../../../../arm-none-eabi/lib/thumb/v7-m/crt0.o (exit)
c:/st/stm32cubeide_1.4.0/stm32cubeide/plugins/com.st.stm32cube.ide.mcu.externaltools.gnu-tools-for-stm32.7-2018-q2-update.win32_1.4.0.202007081208/tools/bin/../lib/gcc/arm-none-eabi/7.3.1/../../../../arm-none-eabi/lib/thumb/v7-m\libc_nano.a(lib_a-impure.o)
                              c:/st/stm32cubeide_1.4.0/stm32cubeide/plugins/com.st.stm32cube.ide.mcu.externaltools.gnu-tools-for-stm32.7-2018-q2-update.win32_1.4.0.202007081208/tools/bin/../lib/gcc/arm-none-eabi/7.3.1/../../../../arm-none-eabi/lib/thumb/v7-m\libc_nano.a(lib_a-exit.o) (_global_impure_ptr)
c:/st/stm32cubeide_1.4.0/stm32cubeide/plugins/com.st.stm32cube.ide.mcu.externaltools.gnu-tools-for-stm32.7-2018-q2-update.win32_1.4.0.202007081208/tools/bin/../lib/gcc/arm-none-eabi/7.3.1/../../../../arm-none-eabi/lib/thumb/v7-m\libc_nano.a(lib_a-init.o)
                              c:/st/stm32cubeide_1.4.0/stm32cubeide/plugins/com.st.stm32cube.ide.mcu.externaltools.gnu-tools-for-stm32.7-2018-q2-update.win32_1.4.0.202007081208/tools/bin/../lib/gcc/arm-none-eabi/7.3.1/../../../../arm-none-eabi/lib/thumb/v7-m/crt0.o (__libc_init_array)
c:/st/stm32cubeide_1.4.0/stm32cubeide/plugins/com.st.stm32cube.ide.mcu.externaltools.gnu-tools-for-stm32.7-2018-q2-update.win32_1.4.0.202007081208/tools/bin/../lib/gcc/arm-none-eabi/7.3.1/../../../../arm-none-eabi/lib/thumb/v7-m\libc_nano.a(lib_a-memset.o)
                              c:/st/stm32cubeide_1.4.0/stm32cubeide/plugins/com.st.stm32cube.ide.mcu.externaltools.gnu-tools-for-stm32.7-2018-q2-update.win32_1.4.0.202007081208/tools/bin/../lib/gcc/arm-none-eabi/7.3.1/../../../../arm-none-eabi/lib/thumb/v7-m/crt0.o (memset)
c:/st/stm32cubeide_1.4.0/stm32cubeide/plugins/com.st.stm32cube.ide.mcu.externaltools.gnu-tools-for-stm32.7-2018-q2-update.win32_1.4.0.202007081208/tools/bin/../lib/gcc/arm-none-eabi/7.3.1/../../../../arm-none-eabi/lib/thumb/v7-m\libc_nano.a(lib_a-sprintf.o)
                              USB_DEVICE/App/usbd_cdc_if.o (sprintf)
c:/st/stm32cubeide_1.4.0/stm32cubeide/plugins/com.st.stm32cube.ide.mcu.externaltools.gnu-tools-for-stm32.7-2018-q2-update.win32_1.4.0.202007081208/tools/bin/../lib/gcc/arm-none-eabi/7.3.1/../../../../arm-none-eabi/lib/thumb/v7-m\libc_nano.a(lib_a-strlen.o)
                              USB_DEVICE/App/usbd_cdc_if.o (strlen)
c:/st/stm32cubeide_1.4.0/stm32cubeide/plugins/com.st.stm32cube.ide.mcu.externaltools.gnu-tools-for-stm32.7-2018-q2-update.win32_1.4.0.202007081208/tools/bin/../lib/gcc/arm-none-eabi/7.3.1/../../../../arm-none-eabi/lib/thumb/v7-m\libc_nano.a(lib_a-nano-svfprintf.o)
                              c:/st/stm32cubeide_1.4.0/stm32cubeide/plugins/com.st.stm32cube.ide.mcu.externaltools.gnu-tools-for-stm32.7-2018-q2-update.win32_1.4.0.202007081208/tools/bin/../lib/gcc/arm-none-eabi/7.3.1/../../../../arm-none-eabi/lib/thumb/v7-m\libc_nano.a(lib_a-sprintf.o) (_svfprintf_r)
c:/st/stm32cubeide_1.4.0/stm32cubeide/plugins/com.st.stm32cube.ide.mcu.externaltools.gnu-tools-for-stm32.7-2018-q2-update.win32_1.4.0.202007081208/tools/bin/../lib/gcc/arm-none-eabi/7.3.1/../../../../arm-none-eabi/lib/thumb/v7-m\libc_nano.a(lib_a-nano-vfprintf_i.o)
                              c:/st/stm32cubeide_1.4.0/stm32cubeide/plugins/com.st.stm32cube.ide.mcu.externaltools.gnu-tools-for-stm32.7-2018-q2-update.win32_1.4.0.202007081208/tools/bin/../lib/gcc/arm-none-eabi/7.3.1/../../../../arm-none-eabi/lib/thumb/v7-m\libc_nano.a(lib_a-nano-svfprintf.o) (_printf_i)
c:/st/stm32cubeide_1.4.0/stm32cubeide/plugins/com.st.stm32cube.ide.mcu.externaltools.gnu-tools-for-stm32.7-2018-q2-update.win32_1.4.0.202007081208/tools/bin/../lib/gcc/arm-none-eabi/7.3.1/../../../../arm-none-eabi/lib/thumb/v7-m\libc_nano.a(lib_a-memchr-stub.o)
                              c:/st/stm32cubeide_1.4.0/stm32cubeide/plugins/com.st.stm32cube.ide.mcu.externaltools.gnu-tools-for-stm32.7-2018-q2-update.win32_1.4.0.202007081208/tools/bin/../lib/gcc/arm-none-eabi/7.3.1/../../../../arm-none-eabi/lib/thumb/v7-m\libc_nano.a(lib_a-nano-svfprintf.o) (memchr)
[...]
Memory Configuration

Name             Origin             Length             Attributes
RAM              0x0000000020000000 0x0000000000005000 xrw
FLASH            0x0000000008000000 0x0000000000010000 xr
*default*        0x0000000000000000 0xffffffffffffffff

Linker script and memory map

LOAD c:/st/stm32cubeide_1.4.0/stm32cubeide/plugins/com.st.stm32cube.ide.mcu.externaltools.gnu-tools-for-stm32.7-2018-q2-update.win32_1.4.0.202007081208/tools/bin/../lib/gcc/arm-none-eabi/7.3.1/thumb/v7-m/crti.o
LOAD c:/st/stm32cubeide_1.4.0/stm32cubeide/plugins/com.st.stm32cube.ide.mcu.externaltools.gnu-tools-for-stm32.7-2018-q2-update.win32_1.4.0.202007081208/tools/bin/../lib/gcc/arm-none-eabi/7.3.1/thumb/v7-m/crtbegin.o
LOAD c:/st/stm32cubeide_1.4.0/stm32cubeide/plugins/com.st.stm32cube.ide.mcu.externaltools.gnu-tools-for-stm32.7-2018-q2-update.win32_1.4.0.202007081208/tools/bin/../lib/gcc/arm-none-eabi/7.3.1/../../../../arm-none-eabi/lib/thumb/v7-m/crt0.o
LOAD Core/Src/main.o
LOAD Core/Src/stm32f1xx_hal_msp.o
LOAD Core/Src/stm32f1xx_it.o
LOAD Core/Src/syscalls.o
LOAD Core/Src/sysmem.o
LOAD Core/Src/system_stm32f1xx.o
LOAD Core/Startup/startup_stm32f103c8tx.o
LOAD Drivers/STM32F1xx_HAL_Driver/Src/stm32f1xx_hal.o
LOAD Drivers/STM32F1xx_HAL_Driver/Src/stm32f1xx_hal_cortex.o
LOAD Drivers/STM32F1xx_HAL_Driver/Src/stm32f1xx_hal_dma.o
LOAD Drivers/STM32F1xx_HAL_Driver/Src/stm32f1xx_hal_exti.o
LOAD Drivers/STM32F1xx_HAL_Driver/Src/stm32f1xx_hal_flash.o
LOAD Drivers/STM32F1xx_HAL_Driver/Src/stm32f1xx_hal_flash_ex.o
LOAD Drivers/STM32F1xx_HAL_Driver/Src/stm32f1xx_hal_gpio.o
LOAD Drivers/STM32F1xx_HAL_Driver/Src/stm32f1xx_hal_gpio_ex.o
LOAD Drivers/STM32F1xx_HAL_Driver/Src/stm32f1xx_hal_pcd.o
LOAD Drivers/STM32F1xx_HAL_Driver/Src/stm32f1xx_hal_pcd_ex.o
LOAD Drivers/STM32F1xx_HAL_Driver/Src/stm32f1xx_hal_pwr.o
LOAD Drivers/STM32F1xx_HAL_Driver/Src/stm32f1xx_hal_rcc.o
LOAD Drivers/STM32F1xx_HAL_Driver/Src/stm32f1xx_hal_rcc_ex.o
LOAD Drivers/STM32F1xx_HAL_Driver/Src/stm32f1xx_hal_tim.o
LOAD Drivers/STM32F1xx_HAL_Driver/Src/stm32f1xx_hal_tim_ex.o
LOAD Drivers/STM32F1xx_HAL_Driver/Src/stm32f1xx_hal_uart.o
LOAD Drivers/STM32F1xx_HAL_Driver/Src/stm32f1xx_ll_usb.o
LOAD Middlewares/ST/STM32_USB_Device_Library/Class/CDC/Src/usbd_cdc.o
LOAD Middlewares/ST/STM32_USB_Device_Library/Core/Src/usbd_core.o
LOAD Middlewares/ST/STM32_USB_Device_Library/Core/Src/usbd_ctlreq.o
LOAD Middlewares/ST/STM32_USB_Device_Library/Core/Src/usbd_ioreq.o
LOAD USB_DEVICE/App/usb_device.o
LOAD USB_DEVICE/App/usbd_cdc_if.o
LOAD USB_DEVICE/App/usbd_desc.o
LOAD USB_DEVICE/Target/usbd_conf.o
START GROUP
LOAD c:/st/stm32cubeide_1.4.0/stm32cubeide/plugins/com.st.stm32cube.ide.mcu.externaltools.gnu-tools-for-stm32.7-2018-q2-update.win32_1.4.0.202007081208/tools/bin/../lib/gcc/arm-none-eabi/7.3.1/../../../../arm-none-eabi/lib/thumb/v7-m\libc_nano.a
LOAD c:/st/stm32cubeide_1.4.0/stm32cubeide/plugins/com.st.stm32cube.ide.mcu.externaltools.gnu-tools-for-stm32.7-2018-q2-update.win32_1.4.0.202007081208/tools/bin/../lib/gcc/arm-none-eabi/7.3.1/../../../../arm-none-eabi/lib/thumb/v7-m\libm.a
END GROUP
START GROUP
LOAD c:/st/stm32cubeide_1.4.0/stm32cubeide/plugins/com.st.stm32cube.ide.mcu.externaltools.gnu-tools-for-stm32.7-2018-q2-update.win32_1.4.0.202007081208/tools/bin/../lib/gcc/arm-none-eabi/7.3.1/thumb/v7-m\libgcc.a
LOAD c:/st/stm32cubeide_1.4.0/stm32cubeide/plugins/com.st.stm32cube.ide.mcu.externaltools.gnu-tools-for-stm32.7-2018-q2-update.win32_1.4.0.202007081208/tools/bin/../lib/gcc/arm-none-eabi/7.3.1/../../../../arm-none-eabi/lib/thumb/v7-m\libc_nano.a
END GROUP
START GROUP
LOAD c:/st/stm32cubeide_1.4.0/stm32cubeide/plugins/com.st.stm32cube.ide.mcu.externaltools.gnu-tools-for-stm32.7-2018-q2-update.win32_1.4.0.202007081208/tools/bin/../lib/gcc/arm-none-eabi/7.3.1/thumb/v7-m\libgcc.a
LOAD c:/st/stm32cubeide_1.4.0/stm32cubeide/plugins/com.st.stm32cube.ide.mcu.externaltools.gnu-tools-for-stm32.7-2018-q2-update.win32_1.4.0.202007081208/tools/bin/../lib/gcc/arm-none-eabi/7.3.1/../../../../arm-none-eabi/lib/thumb/v7-m\libc_nano.a
LOAD c:/st/stm32cubeide_1.4.0/stm32cubeide/plugins/com.st.stm32cube.ide.mcu.externaltools.gnu-tools-for-stm32.7-2018-q2-update.win32_1.4.0.202007081208/tools/bin/../lib/gcc/arm-none-eabi/7.3.1/../../../../arm-none-eabi/lib/thumb/v7-m\libnosys.a
END GROUP
START GROUP
LOAD c:/st/stm32cubeide_1.4.0/stm32cubeide/plugins/com.st.stm32cube.ide.mcu.externaltools.gnu-tools-for-stm32.7-2018-q2-update.win32_1.4.0.202007081208/tools/bin/../lib/gcc/arm-none-eabi/7.3.1/thumb/v7-m\libgcc.a
LOAD c:/st/stm32cubeide_1.4.0/stm32cubeide/plugins/com.st.stm32cube.ide.mcu.externaltools.gnu-tools-for-stm32.7-2018-q2-update.win32_1.4.0.202007081208/tools/bin/../lib/gcc/arm-none-eabi/7.3.1/../../../../arm-none-eabi/lib/thumb/v7-m\libc_nano.a
LOAD c:/st/stm32cubeide_1.4.0/stm32cubeide/plugins/com.st.stm32cube.ide.mcu.externaltools.gnu-tools-for-stm32.7-2018-q2-update.win32_1.4.0.202007081208/tools/bin/../lib/gcc/arm-none-eabi/7.3.1/../../../../arm-none-eabi/lib/thumb/v7-m\libnosys.a
END GROUP
LOAD c:/st/stm32cubeide_1.4.0/stm32cubeide/plugins/com.st.stm32cube.ide.mcu.externaltools.gnu-tools-for-stm32.7-2018-q2-update.win32_1.4.0.202007081208/tools/bin/../lib/gcc/arm-none-eabi/7.3.1/thumb/v7-m/crtend.o
LOAD c:/st/stm32cubeide_1.4.0/stm32cubeide/plugins/com.st.stm32cube.ide.mcu.externaltools.gnu-tools-for-stm32.7-2018-q2-update.win32_1.4.0.202007081208/tools/bin/../lib/gcc/arm-none-eabi/7.3.1/thumb/v7-m/crtn.o
                0x0000000020005000                _estack = (ORIGIN (RAM) + LENGTH (RAM))
                0x0000000000000200                _Min_Heap_Size = 0x200
                0x0000000000000400                _Min_Stack_Size = 0x400

.isr_vector     0x0000000008000000      0x10c
                0x0000000008000000                . = ALIGN (0x4)
 *(.isr_vector)
 .isr_vector    0x0000000008000000      0x10c Core/Startup/startup_stm32f103c8tx.o
                0x0000000008000000                g_pfnVectors
                0x000000000800010c                . = ALIGN (0x4)

.text           0x000000000800010c     0x867c
                0x000000000800010c                . = ALIGN (0x4)
 *(.text)
 .text          0x000000000800010c       0x40 c:/st/stm32cubeide_1.4.0/stm32cubeide/plugins/com.st.stm32cube.ide.mcu.externaltools.gnu-tools-for-stm32.7-2018-q2-update.win32_1.4.0.202007081208/tools/bin/../lib/gcc/arm-none-eabi/7.3.1/thumb/v7-m/crtbegin.o
 .text          0x000000000800014c       0x10 c:/st/stm32cubeide_1.4.0/stm32cubeide/plugins/com.st.stm32cube.ide.mcu.externaltools.gnu-tools-for-stm32.7-2018-q2-update.win32_1.4.0.202007081208/tools/bin/../lib/gcc/arm-none-eabi/7.3.1/../../../../arm-none-eabi/lib/thumb/v7-m\libc_nano.a(lib_a-strlen.o)
                0x000000000800014c                strlen
 *(.text*)
 .text.main     0x000000000800015c       0x44 Core/Src/main.o
                0x000000000800015c                main
 .text.SystemClock_Config
                0x00000000080001a0       0xb6 Core/Src/main.o
                0x00000000080001a0                SystemClock_Config
 *fill*         0x0000000008000256        0x2 
 .text.MX_USART2_UART_Init
                0x0000000008000258       0x54 Core/Src/main.o
 .text.MX_GPIO_Init
                0x00000000080002ac       0xf0 Core/Src/main.o
 .text.Error_Handler
                0x000000000800039c        0xc Core/Src/main.o
                0x000000000800039c                Error_Handler
 .text.HAL_MspInit
                0x00000000080003a8       0x64 Core/Src/stm32f1xx_hal_msp.o
                0x00000000080003a8                HAL_MspInit
 .text.HAL_UART_MspInit
                0x000000000800040c       0xa4 Core/Src/stm32f1xx_hal_msp.o
                0x000000000800040c                HAL_UART_MspInit
 .text.NMI_Handler
                0x00000000080004b0        0xc Core/Src/stm32f1xx_it.o
                0x00000000080004b0                NMI_Handler
 .text.HardFault_Handler
                0x00000000080004bc        0x6 Core/Src/stm32f1xx_it.o
                0x00000000080004bc                HardFault_Handler
 .text.MemManage_Handler
                0x00000000080004c2        0x6 Core/Src/stm32f1xx_it.o
                0x00000000080004c2                MemManage_Handler
 .text.BusFault_Handler
                0x00000000080004c8        0x6 Core/Src/stm32f1xx_it.o
                0x00000000080004c8                BusFault_Handler
 .text.UsageFault_Handler
                0x00000000080004ce        0x6 Core/Src/stm32f1xx_it.o
                0x00000000080004ce                UsageFault_Handler
 .text.SVC_Handler
                0x00000000080004d4        0xc Core/Src/stm32f1xx_it.o
                0x00000000080004d4                SVC_Handler
 .text.DebugMon_Handler
                0x00000000080004e0        0xc Core/Src/stm32f1xx_it.o
                0x00000000080004e0                DebugMon_Handler
 .text.PendSV_Handler
                0x00000000080004ec        0xc Core/Src/stm32f1xx_it.o
                0x00000000080004ec                PendSV_Handler
 .text.SysTick_Handler
                0x00000000080004f8        0xc Core/Src/stm32f1xx_it.o
                0x00000000080004f8                SysTick_Handler
 .text.USB_HP_CAN1_TX_IRQHandler
                0x0000000008000504       0x14 Core/Src/stm32f1xx_it.o
                0x0000000008000504                USB_HP_CAN1_TX_IRQHandler
 .text.USB_LP_CAN1_RX0_IRQHandler
                0x0000000008000518       0x14 Core/Src/stm32f1xx_it.o
                0x0000000008000518                USB_LP_CAN1_RX0_IRQHandler
 .text.USART2_IRQHandler
                0x000000000800052c       0x14 Core/Src/stm32f1xx_it.o
                0x000000000800052c                USART2_IRQHandler
 .text._sbrk    0x0000000008000540       0x6c Core/Src/sysmem.o
                0x0000000008000540                _sbrk
 .text.SystemInit
                0x00000000080005ac        0xc Core/Src/system_stm32f1xx.o
                0x00000000080005ac                SystemInit
 .text.Reset_Handler
                0x00000000080005b8       0x48 Core/Startup/startup_stm32f103c8tx.o
                0x00000000080005b8                Reset_Handler
 .text.Default_Handler
                0x0000000008000600        0x2 Core/Startup/startup_stm32f103c8tx.o
                0x0000000008000600                RTC_Alarm_IRQHandler
                0x0000000008000600                EXTI2_IRQHandler
                0x0000000008000600                TIM1_CC_IRQHandler
                0x0000000008000600                PVD_IRQHandler
                0x0000000008000600                EXTI3_IRQHandler
                0x0000000008000600                EXTI0_IRQHandler
                0x0000000008000600                I2C2_EV_IRQHandler
                0x0000000008000600                ADC1_2_IRQHandler
                0x0000000008000600                SPI1_IRQHandler
                0x0000000008000600                TAMPER_IRQHandler
                0x0000000008000600                DMA1_Channel4_IRQHandler
                0x0000000008000600                USART3_IRQHandler
                0x0000000008000600                RTC_IRQHandler
                0x0000000008000600                DMA1_Channel7_IRQHandler
                0x0000000008000600                CAN1_RX1_IRQHandler
                0x0000000008000600                TIM4_IRQHandler
                0x0000000008000600                I2C1_EV_IRQHandler
                0x0000000008000600                DMA1_Channel6_IRQHandler
                0x0000000008000600                TIM3_IRQHandler
                0x0000000008000600                RCC_IRQHandler
                0x0000000008000600                TIM1_TRG_COM_IRQHandler
                0x0000000008000600                DMA1_Channel1_IRQHandler
                0x0000000008000600                Default_Handler
                0x0000000008000600                EXTI15_10_IRQHandler
                0x0000000008000600                EXTI9_5_IRQHandler
                0x0000000008000600                SPI2_IRQHandler
                0x0000000008000600                DMA1_Channel5_IRQHandler
                0x0000000008000600                EXTI4_IRQHandler
                0x0000000008000600                DMA1_Channel3_IRQHandler
                0x0000000008000600                TIM1_UP_IRQHandler
                0x0000000008000600                WWDG_IRQHandler
                0x0000000008000600                TIM2_IRQHandler
                0x0000000008000600                TIM1_BRK_IRQHandler
                0x0000000008000600                EXTI1_IRQHandler
                0x0000000008000600                I2C2_ER_IRQHandler
                0x0000000008000600                DMA1_Channel2_IRQHandler
                0x0000000008000600                CAN1_SCE_IRQHandler
                0x0000000008000600                FLASH_IRQHandler
                0x0000000008000600                USART1_IRQHandler
                0x0000000008000600                I2C1_ER_IRQHandler
                0x0000000008000600                USBWakeUp_IRQHandler
 *fill*         0x0000000008000602        0x2 
 .text.HAL_Init
                0x0000000008000604       0x2c Drivers/STM32F1xx_HAL_Driver/Src/stm32f1xx_hal.o
                0x0000000008000604                HAL_Init
 .text.HAL_InitTick
                0x0000000008000630       0x60 Drivers/STM32F1xx_HAL_Driver/Src/stm32f1xx_hal.o
                0x0000000008000630                HAL_InitTick
 .text.HAL_IncTick
                0x0000000008000690       0x24 Drivers/STM32F1xx_HAL_Driver/Src/stm32f1xx_hal.o
                0x0000000008000690                HAL_IncTick
 .text.HAL_GetTick
                0x00000000080006b4       0x14 Drivers/STM32F1xx_HAL_Driver/Src/stm32f1xx_hal.o
                0x00000000080006b4                HAL_GetTick
 .text.HAL_Delay
                0x00000000080006c8       0x44 Drivers/STM32F1xx_HAL_Driver/Src/stm32f1xx_hal.o
                0x00000000080006c8                HAL_Delay
 .text.__NVIC_SetPriorityGrouping
                0x000000000800070c       0x48 Drivers/STM32F1xx_HAL_Driver/Src/stm32f1xx_hal_cortex.o
 .text.__NVIC_GetPriorityGrouping
                0x0000000008000754       0x1c Drivers/STM32F1xx_HAL_Driver/Src/stm32f1xx_hal_cortex.o
 .text.__NVIC_EnableIRQ
                0x0000000008000770       0x38 Drivers/STM32F1xx_HAL_Driver/Src/stm32f1xx_hal_cortex.o
 .text.__NVIC_SetPriority
                0x00000000080007a8       0x54 Drivers/STM32F1xx_HAL_Driver/Src/stm32f1xx_hal_cortex.o
 .text.NVIC_EncodePriority
                0x00000000080007fc       0x64 Drivers/STM32F1xx_HAL_Driver/Src/stm32f1xx_hal_cortex.o
 .text.SysTick_Config
                0x0000000008000860       0x44 Drivers/STM32F1xx_HAL_Driver/Src/stm32f1xx_hal_cortex.o
 .text.HAL_NVIC_SetPriorityGrouping
                0x00000000080008a4       0x16 Drivers/STM32F1xx_HAL_Driver/Src/stm32f1xx_hal_cortex.o
                0x00000000080008a4                HAL_NVIC_SetPriorityGrouping
 .text.HAL_NVIC_SetPriority
                0x00000000080008ba       0x38 Drivers/STM32F1xx_HAL_Driver/Src/stm32f1xx_hal_cortex.o
                0x00000000080008ba                HAL_NVIC_SetPriority
 .text.HAL_NVIC_EnableIRQ
                0x00000000080008f2       0x1c Drivers/STM32F1xx_HAL_Driver/Src/stm32f1xx_hal_cortex.o
                0x00000000080008f2                HAL_NVIC_EnableIRQ
 .text.HAL_SYSTICK_Config
                0x000000000800090e       0x18 Drivers/STM32F1xx_HAL_Driver/Src/stm32f1xx_hal_cortex.o
                0x000000000800090e                HAL_SYSTICK_Config
 .text.HAL_DMA_Abort
                0x0000000008000926       0x74 Drivers/STM32F1xx_HAL_Driver/Src/stm32f1xx_hal_dma.o
                0x0000000008000926                HAL_DMA_Abort
 *fill*         0x000000000800099a        0x2 
 .text.HAL_DMA_Abort_IT
                0x000000000800099c       0xec Drivers/STM32F1xx_HAL_Driver/Src/stm32f1xx_hal_dma.o
                0x000000000800099c                HAL_DMA_Abort_IT
 .text.HAL_GPIO_Init
                0x0000000008000a88      0x2b4 Drivers/STM32F1xx_HAL_Driver/Src/stm32f1xx_hal_gpio.o
                0x0000000008000a88                HAL_GPIO_Init
 .text.HAL_GPIO_WritePin
                0x0000000008000d3c       0x30 Drivers/STM32F1xx_HAL_Driver/Src/stm32f1xx_hal_gpio.o
                0x0000000008000d3c                HAL_GPIO_WritePin
 .text.HAL_GPIO_TogglePin
                0x0000000008000d6c       0x32 Drivers/STM32F1xx_HAL_Driver/Src/stm32f1xx_hal_gpio.o
                0x0000000008000d6c                HAL_GPIO_TogglePin
 .text.HAL_PCD_Init
                0x0000000008000d9e      0x216 Drivers/STM32F1xx_HAL_Driver/Src/stm32f1xx_hal_pcd.o
                0x0000000008000d9e                HAL_PCD_Init
 .text.HAL_PCD_Start
                0x0000000008000fb4       0x4c Drivers/STM32F1xx_HAL_Driver/Src/stm32f1xx_hal_pcd.o
                0x0000000008000fb4                HAL_PCD_Start
 .text.HAL_PCD_IRQHandler
                0x0000000008001000      0x2aa Drivers/STM32F1xx_HAL_Driver/Src/stm32f1xx_hal_pcd.o
                0x0000000008001000                HAL_PCD_IRQHandler
 .text.HAL_PCD_SetAddress
                0x00000000080012aa       0x4a Drivers/STM32F1xx_HAL_Driver/Src/stm32f1xx_hal_pcd.o
                0x00000000080012aa                HAL_PCD_SetAddress
 .text.HAL_PCD_EP_Open
                0x00000000080012f4       0xcc Drivers/STM32F1xx_HAL_Driver/Src/stm32f1xx_hal_pcd.o
                0x00000000080012f4                HAL_PCD_EP_Open
 .text.HAL_PCD_EP_Close
                0x00000000080013c0       0x90 Drivers/STM32F1xx_HAL_Driver/Src/stm32f1xx_hal_pcd.o
                0x00000000080013c0                HAL_PCD_EP_Close
 .text.HAL_PCD_EP_Receive
                0x0000000008001450       0x7a Drivers/STM32F1xx_HAL_Driver/Src/stm32f1xx_hal_pcd.o
                0x0000000008001450                HAL_PCD_EP_Receive
 .text.HAL_PCD_EP_GetRxCount
                0x00000000080014ca       0x2e Drivers/STM32F1xx_HAL_Driver/Src/stm32f1xx_hal_pcd.o
                0x00000000080014ca                HAL_PCD_EP_GetRxCount
 .text.HAL_PCD_EP_Transmit
                0x00000000080014f8       0x86 Drivers/STM32F1xx_HAL_Driver/Src/stm32f1xx_hal_pcd.o
                0x00000000080014f8                HAL_PCD_EP_Transmit
 .text.HAL_PCD_EP_SetStall
                0x000000000800157e       0xc0 Drivers/STM32F1xx_HAL_Driver/Src/stm32f1xx_hal_pcd.o
                0x000000000800157e                HAL_PCD_EP_SetStall
 .text.HAL_PCD_EP_ClrStall
                0x000000000800163e       0xa8 Drivers/STM32F1xx_HAL_Driver/Src/stm32f1xx_hal_pcd.o
                0x000000000800163e                HAL_PCD_EP_ClrStall
 .text.PCD_EP_ISR_Handler
                0x00000000080016e6      0x600 Drivers/STM32F1xx_HAL_Driver/Src/stm32f1xx_hal_pcd.o
 .text.HAL_PCD_EP_DB_Receive
                0x0000000008001ce6      0x21a Drivers/STM32F1xx_HAL_Driver/Src/stm32f1xx_hal_pcd.o
 .text.HAL_PCD_EP_DB_Transmit
                0x0000000008001f00      0x79e Drivers/STM32F1xx_HAL_Driver/Src/stm32f1xx_hal_pcd.o
 .text.HAL_PCDEx_PMAConfig
                0x000000000800269e       0x84 Drivers/STM32F1xx_HAL_Driver/Src/stm32f1xx_hal_pcd_ex.o
                0x000000000800269e                HAL_PCDEx_PMAConfig
 *fill*         0x0000000008002722        0x2 
 .text.HAL_RCC_OscConfig
                0x0000000008002724      0x500 Drivers/STM32F1xx_HAL_Driver/Src/stm32f1xx_hal_rcc.o
                0x0000000008002724                HAL_RCC_OscConfig
 .text.HAL_RCC_ClockConfig
                0x0000000008002c24      0x1d4 Drivers/STM32F1xx_HAL_Driver/Src/stm32f1xx_hal_rcc.o
                0x0000000008002c24                HAL_RCC_ClockConfig
 .text.HAL_RCC_GetSysClockFreq
                0x0000000008002df8       0xc4 Drivers/STM32F1xx_HAL_Driver/Src/stm32f1xx_hal_rcc.o
                0x0000000008002df8                HAL_RCC_GetSysClockFreq
 .text.HAL_RCC_GetHCLKFreq
                0x0000000008002ebc       0x14 Drivers/STM32F1xx_HAL_Driver/Src/stm32f1xx_hal_rcc.o
                0x0000000008002ebc                HAL_RCC_GetHCLKFreq
 .text.HAL_RCC_GetPCLK1Freq
                0x0000000008002ed0       0x28 Drivers/STM32F1xx_HAL_Driver/Src/stm32f1xx_hal_rcc.o
                0x0000000008002ed0                HAL_RCC_GetPCLK1Freq
 .text.HAL_RCC_GetPCLK2Freq
                0x0000000008002ef8       0x28 Drivers/STM32F1xx_HAL_Driver/Src/stm32f1xx_hal_rcc.o
                0x0000000008002ef8                HAL_RCC_GetPCLK2Freq
 .text.RCC_Delay
                0x0000000008002f20       0x3c Drivers/STM32F1xx_HAL_Driver/Src/stm32f1xx_hal_rcc.o
 .text.HAL_RCCEx_PeriphCLKConfig
                0x0000000008002f5c      0x16c Drivers/STM32F1xx_HAL_Driver/Src/stm32f1xx_hal_rcc_ex.o
                0x0000000008002f5c                HAL_RCCEx_PeriphCLKConfig
 .text.HAL_UART_Init
                0x00000000080030c8       0x9a Drivers/STM32F1xx_HAL_Driver/Src/stm32f1xx_hal_uart.o
                0x00000000080030c8                HAL_UART_Init
 .text.HAL_UART_Transmit_IT
                0x0000000008003162       0x88 Drivers/STM32F1xx_HAL_Driver/Src/stm32f1xx_hal_uart.o
                0x0000000008003162                HAL_UART_Transmit_IT
 .text.HAL_UART_Receive_IT
                0x00000000080031ea       0x60 Drivers/STM32F1xx_HAL_Driver/Src/stm32f1xx_hal_uart.o
                0x00000000080031ea                HAL_UART_Receive_IT
 *fill*         0x000000000800324a        0x2 
 .text.HAL_UART_IRQHandler
                0x000000000800324c      0x358 Drivers/STM32F1xx_HAL_Driver/Src/stm32f1xx_hal_uart.o
                0x000000000800324c                HAL_UART_IRQHandler
 .text.HAL_UART_TxCpltCallback
                0x00000000080035a4       0x12 Drivers/STM32F1xx_HAL_Driver/Src/stm32f1xx_hal_uart.o
                0x00000000080035a4                HAL_UART_TxCpltCallback
 .text.HAL_UART_RxCpltCallback
                0x00000000080035b6       0x12 Drivers/STM32F1xx_HAL_Driver/Src/stm32f1xx_hal_uart.o
                0x00000000080035b6                HAL_UART_RxCpltCallback
 .text.HAL_UART_ErrorCallback
                0x00000000080035c8       0x12 Drivers/STM32F1xx_HAL_Driver/Src/stm32f1xx_hal_uart.o
                0x00000000080035c8                HAL_UART_ErrorCallback
 .text.HAL_UARTEx_RxEventCallback
                0x00000000080035da       0x16 Drivers/STM32F1xx_HAL_Driver/Src/stm32f1xx_hal_uart.o
                0x00000000080035da                HAL_UARTEx_RxEventCallback
 .text.UART_Start_Receive_IT
                0x00000000080035f0       0x72 Drivers/STM32F1xx_HAL_Driver/Src/stm32f1xx_hal_uart.o
                0x00000000080035f0                UART_Start_Receive_IT
 .text.UART_EndRxTransfer
                0x0000000008003662       0x58 Drivers/STM32F1xx_HAL_Driver/Src/stm32f1xx_hal_uart.o
 .text.UART_DMAAbortOnError
                0x00000000080036ba       0x28 Drivers/STM32F1xx_HAL_Driver/Src/stm32f1xx_hal_uart.o
 .text.UART_Transmit_IT
                0x00000000080036e2       0x9e Drivers/STM32F1xx_HAL_Driver/Src/stm32f1xx_hal_uart.o
 .text.UART_EndTransmit_IT
                0x0000000008003780       0x30 Drivers/STM32F1xx_HAL_Driver/Src/stm32f1xx_hal_uart.o
 .text.UART_Receive_IT
                0x00000000080037b0      0x152 Drivers/STM32F1xx_HAL_Driver/Src/stm32f1xx_hal_uart.o
 *fill*         0x0000000008003902        0x2 
 .text.UART_SetConfig
                0x0000000008003904      0x11c Drivers/STM32F1xx_HAL_Driver/Src/stm32f1xx_hal_uart.o
 .text.USB_CoreInit
                0x0000000008003a20       0x20 Drivers/STM32F1xx_HAL_Driver/Src/stm32f1xx_ll_usb.o
                0x0000000008003a20                USB_CoreInit
 .text.USB_EnableGlobalInt
                0x0000000008003a40       0x2c Drivers/STM32F1xx_HAL_Driver/Src/stm32f1xx_ll_usb.o
                0x0000000008003a40                USB_EnableGlobalInt
 .text.USB_DisableGlobalInt
                0x0000000008003a6c       0x34 Drivers/STM32F1xx_HAL_Driver/Src/stm32f1xx_ll_usb.o
                0x0000000008003a6c                USB_DisableGlobalInt
 .text.USB_SetCurrentMode
                0x0000000008003aa0       0x18 Drivers/STM32F1xx_HAL_Driver/Src/stm32f1xx_ll_usb.o
                0x0000000008003aa0                USB_SetCurrentMode
 .text.USB_DevInit
                0x0000000008003ab8       0x40 Drivers/STM32F1xx_HAL_Driver/Src/stm32f1xx_ll_usb.o
                0x0000000008003ab8                USB_DevInit
 .text.USB_ActivateEndpoint
                0x0000000008003af8      0x6d4 Drivers/STM32F1xx_HAL_Driver/Src/stm32f1xx_ll_usb.o
                0x0000000008003af8                USB_ActivateEndpoint
 .text.USB_DeactivateEndpoint
                0x00000000080041cc      0x3d8 Drivers/STM32F1xx_HAL_Driver/Src/stm32f1xx_ll_usb.o
                0x00000000080041cc                USB_DeactivateEndpoint
 .text.USB_EPStartXfer
                0x00000000080045a4     0x15ee Drivers/STM32F1xx_HAL_Driver/Src/stm32f1xx_ll_usb.o
                0x00000000080045a4                USB_EPStartXfer
 .text.USB_EPSetStall
                0x0000000008005b92       0xa0 Drivers/STM32F1xx_HAL_Driver/Src/stm32f1xx_ll_usb.o
                0x0000000008005b92                USB_EPSetStall
 .text.USB_EPClearStall
                0x0000000008005c32      0x15a Drivers/STM32F1xx_HAL_Driver/Src/stm32f1xx_ll_usb.o
                0x0000000008005c32                USB_EPClearStall
 .text.USB_SetDevAddress
                0x0000000008005d8c       0x26 Drivers/STM32F1xx_HAL_Driver/Src/stm32f1xx_ll_usb.o
                0x0000000008005d8c                USB_SetDevAddress
 .text.USB_DevConnect
                0x0000000008005db2       0x14 Drivers/STM32F1xx_HAL_Driver/Src/stm32f1xx_ll_usb.o
                0x0000000008005db2                USB_DevConnect
 .text.USB_DevDisconnect
                0x0000000008005dc6       0x14 Drivers/STM32F1xx_HAL_Driver/Src/stm32f1xx_ll_usb.o
                0x0000000008005dc6                USB_DevDisconnect
 .text.USB_ReadInterrupts
                0x0000000008005dda       0x1e Drivers/STM32F1xx_HAL_Driver/Src/stm32f1xx_ll_usb.o
                0x0000000008005dda                USB_ReadInterrupts
 .text.USB_EP0_OutStart
                0x0000000008005df8       0x16 Drivers/STM32F1xx_HAL_Driver/Src/stm32f1xx_ll_usb.o
                0x0000000008005df8                USB_EP0_OutStart
 .text.USB_WritePMA
                0x0000000008005e0e       0x88 Drivers/STM32F1xx_HAL_Driver/Src/stm32f1xx_ll_usb.o
                0x0000000008005e0e                USB_WritePMA
 .text.USB_ReadPMA
                0x0000000008005e96       0x9e Drivers/STM32F1xx_HAL_Driver/Src/stm32f1xx_ll_usb.o
                0x0000000008005e96                USB_ReadPMA
 .text.USBD_CDC_Init
                0x0000000008005f34       0xf4 Middlewares/ST/STM32_USB_Device_Library/Class/CDC/Src/usbd_cdc.o
 .text.USBD_CDC_DeInit
                0x0000000008006028       0x6e Middlewares/ST/STM32_USB_Device_Library/Class/CDC/Src/usbd_cdc.o
 .text.USBD_CDC_Setup
                0x0000000008006096      0x140 Middlewares/ST/STM32_USB_Device_Library/Class/CDC/Src/usbd_cdc.o
 .text.USBD_CDC_DataIn
                0x00000000080061d6       0xa6 Middlewares/ST/STM32_USB_Device_Library/Class/CDC/Src/usbd_cdc.o
 .text.USBD_CDC_DataOut
                0x000000000800627c       0x56 Middlewares/ST/STM32_USB_Device_Library/Class/CDC/Src/usbd_cdc.o
 .text.USBD_CDC_EP0_RxReady
                0x00000000080062d2       0x50 Middlewares/ST/STM32_USB_Device_Library/Class/CDC/Src/usbd_cdc.o
 *fill*         0x0000000008006322        0x2 
 .text.USBD_CDC_GetFSCfgDesc
                0x0000000008006324       0x20 Middlewares/ST/STM32_USB_Device_Library/Class/CDC/Src/usbd_cdc.o
 .text.USBD_CDC_GetHSCfgDesc
                0x0000000008006344       0x20 Middlewares/ST/STM32_USB_Device_Library/Class/CDC/Src/usbd_cdc.o
 .text.USBD_CDC_GetOtherSpeedCfgDesc
                0x0000000008006364       0x20 Middlewares/ST/STM32_USB_Device_Library/Class/CDC/Src/usbd_cdc.o
 .text.USBD_CDC_GetDeviceQualifierDescriptor
                0x0000000008006384       0x20 Middlewares/ST/STM32_USB_Device_Library/Class/CDC/Src/usbd_cdc.o
                0x0000000008006384                USBD_CDC_GetDeviceQualifierDescriptor
 .text.USBD_CDC_RegisterInterface
                0x00000000080063a4       0x2c Middlewares/ST/STM32_USB_Device_Library/Class/CDC/Src/usbd_cdc.o
                0x00000000080063a4                USBD_CDC_RegisterInterface
 .text.USBD_CDC_SetTxBuffer
                0x00000000080063d0       0x32 Middlewares/ST/STM32_USB_Device_Library/Class/CDC/Src/usbd_cdc.o
                0x00000000080063d0                USBD_CDC_SetTxBuffer
 .text.USBD_CDC_SetRxBuffer
                0x0000000008006402       0x26 Middlewares/ST/STM32_USB_Device_Library/Class/CDC/Src/usbd_cdc.o
                0x0000000008006402                USBD_CDC_SetRxBuffer
 .text.USBD_CDC_ReceivePacket
                0x0000000008006428       0x54 Middlewares/ST/STM32_USB_Device_Library/Class/CDC/Src/usbd_cdc.o
                0x0000000008006428                USBD_CDC_ReceivePacket
 .text.USBD_Init
                0x000000000800647c       0x56 Middlewares/ST/STM32_USB_Device_Library/Core/Src/usbd_core.o
                0x000000000800647c                USBD_Init
 .text.USBD_RegisterClass
                0x00000000080064d2       0x32 Middlewares/ST/STM32_USB_Device_Library/Core/Src/usbd_core.o
                0x00000000080064d2                USBD_RegisterClass
 .text.USBD_Start
                0x0000000008006504       0x18 Middlewares/ST/STM32_USB_Device_Library/Core/Src/usbd_core.o
                0x0000000008006504                USBD_Start
 .text.USBD_RunTestMode
                0x000000000800651c       0x14 Middlewares/ST/STM32_USB_Device_Library/Core/Src/usbd_core.o
                0x000000000800651c                USBD_RunTestMode
 .text.USBD_SetClassConfig
                0x0000000008006530       0x3e Middlewares/ST/STM32_USB_Device_Library/Core/Src/usbd_core.o
                0x0000000008006530                USBD_SetClassConfig
 .text.USBD_ClrClassConfig
                0x000000000800656e       0x26 Middlewares/ST/STM32_USB_Device_Library/Core/Src/usbd_core.o
                0x000000000800656e                USBD_ClrClassConfig
 .text.USBD_LL_SetupStage
                0x0000000008006594       0x96 Middlewares/ST/STM32_USB_Device_Library/Core/Src/usbd_core.o
                0x0000000008006594                USBD_LL_SetupStage
 .text.USBD_LL_DataOutStage
                0x000000000800662a       0xe2 Middlewares/ST/STM32_USB_Device_Library/Core/Src/usbd_core.o
                0x000000000800662a                USBD_LL_DataOutStage
 .text.USBD_LL_DataInStage
                0x000000000800670c      0x14a Middlewares/ST/STM32_USB_Device_Library/Core/Src/usbd_core.o
                0x000000000800670c                USBD_LL_DataInStage
 .text.USBD_LL_Reset
                0x0000000008006856       0x82 Middlewares/ST/STM32_USB_Device_Library/Core/Src/usbd_core.o
                0x0000000008006856                USBD_LL_Reset
 .text.USBD_LL_SetSpeed
                0x00000000080068d8       0x1e Middlewares/ST/STM32_USB_Device_Library/Core/Src/usbd_core.o
                0x00000000080068d8                USBD_LL_SetSpeed
 .text.USBD_LL_Suspend
                0x00000000080068f6       0x28 Middlewares/ST/STM32_USB_Device_Library/Core/Src/usbd_core.o
                0x00000000080068f6                USBD_LL_Suspend
 .text.USBD_LL_Resume
                0x000000000800691e       0x2a Middlewares/ST/STM32_USB_Device_Library/Core/Src/usbd_core.o
                0x000000000800691e                USBD_LL_Resume
 .text.USBD_LL_SOF
                0x0000000008006948       0x34 Middlewares/ST/STM32_USB_Device_Library/Core/Src/usbd_core.o
                0x0000000008006948                USBD_LL_SOF
 .text.USBD_StdDevReq
                0x000000000800697c       0xd4 Middlewares/ST/STM32_USB_Device_Library/Core/Src/usbd_ctlreq.o
                0x000000000800697c                USBD_StdDevReq
 .text.USBD_StdItfReq
                0x0000000008006a50       0x8c Middlewares/ST/STM32_USB_Device_Library/Core/Src/usbd_ctlreq.o
                0x0000000008006a50                USBD_StdItfReq
 .text.USBD_StdEPReq
                0x0000000008006adc      0x2ba Middlewares/ST/STM32_USB_Device_Library/Core/Src/usbd_ctlreq.o
                0x0000000008006adc                USBD_StdEPReq
 *fill*         0x0000000008006d96        0x2 
 .text.USBD_GetDescriptor
                0x0000000008006d98      0x2d0 Middlewares/ST/STM32_USB_Device_Library/Core/Src/usbd_ctlreq.o
 .text.USBD_SetAddress
                0x0000000008007068       0x84 Middlewares/ST/STM32_USB_Device_Library/Core/Src/usbd_ctlreq.o
 .text.USBD_SetConfig
                0x00000000080070ec      0x11c Middlewares/ST/STM32_USB_Device_Library/Core/Src/usbd_ctlreq.o
 .text.USBD_GetConfig
                0x0000000008007208       0x68 Middlewares/ST/STM32_USB_Device_Library/Core/Src/usbd_ctlreq.o
 .text.USBD_GetStatus
                0x0000000008007270       0x66 Middlewares/ST/STM32_USB_Device_Library/Core/Src/usbd_ctlreq.o
 .text.USBD_SetFeature
                0x00000000080072d6       0x28 Middlewares/ST/STM32_USB_Device_Library/Core/Src/usbd_ctlreq.o
 .text.USBD_ClrFeature
                0x00000000080072fe       0x42 Middlewares/ST/STM32_USB_Device_Library/Core/Src/usbd_ctlreq.o
 .text.USBD_ParseSetupRequest
                0x0000000008007340       0x78 Middlewares/ST/STM32_USB_Device_Library/Core/Src/usbd_ctlreq.o
                0x0000000008007340                USBD_ParseSetupRequest
 .text.USBD_CtlError
                0x00000000080073b8       0x22 Middlewares/ST/STM32_USB_Device_Library/Core/Src/usbd_ctlreq.o
                0x00000000080073b8                USBD_CtlError
 .text.USBD_GetString
                0x00000000080073da       0x84 Middlewares/ST/STM32_USB_Device_Library/Core/Src/usbd_ctlreq.o
                0x00000000080073da                USBD_GetString
 .text.USBD_GetLen
                0x000000000800745e       0x2e Middlewares/ST/STM32_USB_Device_Library/Core/Src/usbd_ctlreq.o
 .text.USBD_CtlSendData
                0x000000000800748c       0x38 Middlewares/ST/STM32_USB_Device_Library/Core/Src/usbd_ioreq.o
                0x000000000800748c                USBD_CtlSendData
 .text.USBD_CtlContinueSendData
                0x00000000080074c4       0x24 Middlewares/ST/STM32_USB_Device_Library/Core/Src/usbd_ioreq.o
                0x00000000080074c4                USBD_CtlContinueSendData
 .text.USBD_CtlPrepareRx
                0x00000000080074e8       0x3c Middlewares/ST/STM32_USB_Device_Library/Core/Src/usbd_ioreq.o
                0x00000000080074e8                USBD_CtlPrepareRx
 .text.USBD_CtlContinueRx
                0x0000000008007524       0x24 Middlewares/ST/STM32_USB_Device_Library/Core/Src/usbd_ioreq.o
                0x0000000008007524                USBD_CtlContinueRx
 .text.USBD_CtlSendStatus
                0x0000000008007548       0x26 Middlewares/ST/STM32_USB_Device_Library/Core/Src/usbd_ioreq.o
                0x0000000008007548                USBD_CtlSendStatus
 .text.USBD_CtlReceiveStatus
                0x000000000800756e       0x26 Middlewares/ST/STM32_USB_Device_Library/Core/Src/usbd_ioreq.o
                0x000000000800756e                USBD_CtlReceiveStatus
 .text.MX_USB_DEVICE_Init
                0x0000000008007594       0x60 USB_DEVICE/App/usb_device.o
                0x0000000008007594                MX_USB_DEVICE_Init
 .text.CDC_Init_FS
                0x00000000080075f4       0x30 USB_DEVICE/App/usbd_cdc_if.o
 .text.CDC_DeInit_FS
                0x0000000008007624        0xe USB_DEVICE/App/usbd_cdc_if.o
 *fill*         0x0000000008007632        0x2 
 .text.CDC_Control_FS
                0x0000000008007634       0xbc USB_DEVICE/App/usbd_cdc_if.o
 .text.CDC_Receive_FS
                0x00000000080076f0       0x78 USB_DEVICE/App/usbd_cdc_if.o
 .text.USBD_FS_DeviceDescriptor
                0x0000000008007768       0x24 USB_DEVICE/App/usbd_desc.o
                0x0000000008007768                USBD_FS_DeviceDescriptor
 .text.USBD_FS_LangIDStrDescriptor
                0x000000000800778c       0x24 USB_DEVICE/App/usbd_desc.o
                0x000000000800778c                USBD_FS_LangIDStrDescriptor
 .text.USBD_FS_ProductStrDescriptor
                0x00000000080077b0       0x3c USB_DEVICE/App/usbd_desc.o
                0x00000000080077b0                USBD_FS_ProductStrDescriptor
 .text.USBD_FS_ManufacturerStrDescriptor
                0x00000000080077ec       0x28 USB_DEVICE/App/usbd_desc.o
                0x00000000080077ec                USBD_FS_ManufacturerStrDescriptor
 .text.USBD_FS_SerialStrDescriptor
                0x0000000008007814       0x24 USB_DEVICE/App/usbd_desc.o
                0x0000000008007814                USBD_FS_SerialStrDescriptor
 .text.USBD_FS_ConfigStrDescriptor
                0x0000000008007838       0x3c USB_DEVICE/App/usbd_desc.o
                0x0000000008007838                USBD_FS_ConfigStrDescriptor
 .text.USBD_FS_InterfaceStrDescriptor
                0x0000000008007874       0x3c USB_DEVICE/App/usbd_desc.o
                0x0000000008007874                USBD_FS_InterfaceStrDescriptor
 .text.Get_SerialNum
                0x00000000080078b0       0x58 USB_DEVICE/App/usbd_desc.o
 .text.IntToUnicode
                0x0000000008007908       0x7a USB_DEVICE/App/usbd_desc.o
 *fill*         0x0000000008007982        0x2 
 .text.HAL_PCD_MspInit
                0x0000000008007984       0x5c USB_DEVICE/Target/usbd_conf.o
                0x0000000008007984                HAL_PCD_MspInit
 .text.HAL_PCD_SetupStageCallback
                0x00000000080079e0       0x24 USB_DEVICE/Target/usbd_conf.o
                0x00000000080079e0                HAL_PCD_SetupStageCallback
 .text.HAL_PCD_DataOutStageCallback
                0x0000000008007a04       0x36 USB_DEVICE/Target/usbd_conf.o
                0x0000000008007a04                HAL_PCD_DataOutStageCallback
 .text.HAL_PCD_DataInStageCallback
                0x0000000008007a3a       0x34 USB_DEVICE/Target/usbd_conf.o
                0x0000000008007a3a                HAL_PCD_DataInStageCallback
 .text.HAL_PCD_SOFCallback
                0x0000000008007a6e       0x1c USB_DEVICE/Target/usbd_conf.o
                0x0000000008007a6e                HAL_PCD_SOFCallback
 .text.HAL_PCD_ResetCallback
                0x0000000008007a8a       0x3c USB_DEVICE/Target/usbd_conf.o
                0x0000000008007a8a                HAL_PCD_ResetCallback
 *fill*         0x0000000008007ac6        0x2 
 .text.HAL_PCD_SuspendCallback
                0x0000000008007ac8       0x34 USB_DEVICE/Target/usbd_conf.o
                0x0000000008007ac8                HAL_PCD_SuspendCallback
 .text.HAL_PCD_ResumeCallback
                0x0000000008007afc       0x1c USB_DEVICE/Target/usbd_conf.o
                0x0000000008007afc                HAL_PCD_ResumeCallback
 .text.USBD_LL_Init
                0x0000000008007b18       0xb4 USB_DEVICE/Target/usbd_conf.o
                0x0000000008007b18                USBD_LL_Init
 .text.USBD_LL_Start
                0x0000000008007bcc       0x36 USB_DEVICE/Target/usbd_conf.o
                0x0000000008007bcc                USBD_LL_Start
 .text.USBD_LL_OpenEP
                0x0000000008007c02       0x4c USB_DEVICE/Target/usbd_conf.o
                0x0000000008007c02                USBD_LL_OpenEP
 .text.USBD_LL_CloseEP
                0x0000000008007c4e       0x3e USB_DEVICE/Target/usbd_conf.o
                0x0000000008007c4e                USBD_LL_CloseEP
 .text.USBD_LL_StallEP
                0x0000000008007c8c       0x3e USB_DEVICE/Target/usbd_conf.o
                0x0000000008007c8c                USBD_LL_StallEP
 .text.USBD_LL_ClearStallEP
                0x0000000008007cca       0x3e USB_DEVICE/Target/usbd_conf.o
                0x0000000008007cca                USBD_LL_ClearStallEP
 .text.USBD_LL_IsStallEP
                0x0000000008007d08       0x58 USB_DEVICE/Target/usbd_conf.o
                0x0000000008007d08                USBD_LL_IsStallEP
 .text.USBD_LL_SetUSBAddress
                0x0000000008007d60       0x3e USB_DEVICE/Target/usbd_conf.o
                0x0000000008007d60                USBD_LL_SetUSBAddress
 .text.USBD_LL_Transmit
                0x0000000008007d9e       0x46 USB_DEVICE/Target/usbd_conf.o
                0x0000000008007d9e                USBD_LL_Transmit
 .text.USBD_LL_PrepareReceive
                0x0000000008007de4       0x46 USB_DEVICE/Target/usbd_conf.o
                0x0000000008007de4                USBD_LL_PrepareReceive
 .text.USBD_LL_GetRxDataSize
                0x0000000008007e2a       0x26 USB_DEVICE/Target/usbd_conf.o
                0x0000000008007e2a                USBD_LL_GetRxDataSize
 .text.USBD_static_malloc
                0x0000000008007e50       0x18 USB_DEVICE/Target/usbd_conf.o
                0x0000000008007e50                USBD_static_malloc
 .text.USBD_static_free
                0x0000000008007e68       0x12 USB_DEVICE/Target/usbd_conf.o
                0x0000000008007e68                USBD_static_free
 .text.HAL_PCDEx_SetConnectionState
                0x0000000008007e7a       0x16 USB_DEVICE/Target/usbd_conf.o
                0x0000000008007e7a                HAL_PCDEx_SetConnectionState
 .text.USBD_Get_USB_Status
                0x0000000008007e90       0x58 USB_DEVICE/Target/usbd_conf.o
 .text.__errno  0x0000000008007ee8        0xc c:/st/stm32cubeide_1.4.0/stm32cubeide/plugins/com.st.stm32cube.ide.mcu.externaltools.gnu-tools-for-stm32.7-2018-q2-update.win32_1.4.0.202007081208/tools/bin/../lib/gcc/arm-none-eabi/7.3.1/../../../../arm-none-eabi/lib/thumb/v7-m\libc_nano.a(lib_a-errno.o)
                0x0000000008007ee8                __errno
 .text.__libc_init_array
                0x0000000008007ef4       0x48 c:/st/stm32cubeide_1.4.0/stm32cubeide/plugins/com.st.stm32cube.ide.mcu.externaltools.gnu-tools-for-stm32.7-2018-q2-update.win32_1.4.0.202007081208/tools/bin/../lib/gcc/arm-none-eabi/7.3.1/../../../../arm-none-eabi/lib/thumb/v7-m\libc_nano.a(lib_a-init.o)
                0x0000000008007ef4                __libc_init_array
 .text.memset   0x0000000008007f3c       0x10 c:/st/stm32cubeide_1.4.0/stm32cubeide/plugins/com.st.stm32cube.ide.mcu.externaltools.gnu-tools-for-stm32.7-2018-q2-update.win32_1.4.0.202007081208/tools/bin/../lib/gcc/arm-none-eabi/7.3.1/../../../../arm-none-eabi/lib/thumb/v7-m\libc_nano.a(lib_a-memset.o)
                0x0000000008007f3c                memset
 .text.sprintf  0x0000000008007f4c       0x40 c:/st/stm32cubeide_1.4.0/stm32cubeide/plugins/com.st.stm32cube.ide.mcu.externaltools.gnu-tools-for-stm32.7-2018-q2-update.win32_1.4.0.202007081208/tools/bin/../lib/gcc/arm-none-eabi/7.3.1/../../../../arm-none-eabi/lib/thumb/v7-m\libc_nano.a(lib_a-sprintf.o)
                0x0000000008007f4c                siprintf
                0x0000000008007f4c                sprintf
 .text.__ssputs_r
                0x0000000008007f8c       0xb4 c:/st/stm32cubeide_1.4.0/stm32cubeide/plugins/com.st.stm32cube.ide.mcu.externaltools.gnu-tools-for-stm32.7-2018-q2-update.win32_1.4.0.202007081208/tools/bin/../lib/gcc/arm-none-eabi/7.3.1/../../../../arm-none-eabi/lib/thumb/v7-m\libc_nano.a(lib_a-nano-svfprintf.o)
                0x0000000008007f8c                __ssputs_r
 .text._svfprintf_r
                0x0000000008008040      0x1f0 c:/st/stm32cubeide_1.4.0/stm32cubeide/plugins/com.st.stm32cube.ide.mcu.externaltools.gnu-tools-for-stm32.7-2018-q2-update.win32_1.4.0.202007081208/tools/bin/../lib/gcc/arm-none-eabi/7.3.1/../../../../arm-none-eabi/lib/thumb/v7-m\libc_nano.a(lib_a-nano-svfprintf.o)
                0x0000000008008040                _svfiprintf_r
                0x0000000008008040                _svfprintf_r
 .text._printf_common
                0x0000000008008230       0xec c:/st/stm32cubeide_1.4.0/stm32cubeide/plugins/com.st.stm32cube.ide.mcu.externaltools.gnu-tools-for-stm32.7-2018-q2-update.win32_1.4.0.202007081208/tools/bin/../lib/gcc/arm-none-eabi/7.3.1/../../../../arm-none-eabi/lib/thumb/v7-m\libc_nano.a(lib_a-nano-vfprintf_i.o)
                0x0000000008008230                _printf_common
 .text._printf_i
                0x000000000800831c      0x224 c:/st/stm32cubeide_1.4.0/stm32cubeide/plugins/com.st.stm32cube.ide.mcu.externaltools.gnu-tools-for-stm32.7-2018-q2-update.win32_1.4.0.202007081208/tools/bin/../lib/gcc/arm-none-eabi/7.3.1/../../../../arm-none-eabi/lib/thumb/v7-m\libc_nano.a(lib_a-nano-vfprintf_i.o)
                0x000000000800831c                _printf_i
 .text.memchr   0x0000000008008540       0x1c c:/st/stm32cubeide_1.4.0/stm32cubeide/plugins/com.st.stm32cube.ide.mcu.externaltools.gnu-tools-for-stm32.7-2018-q2-update.win32_1.4.0.202007081208/tools/bin/../lib/gcc/arm-none-eabi/7.3.1/../../../../arm-none-eabi/lib/thumb/v7-m\libc_nano.a(lib_a-memchr-stub.o)
                0x0000000008008540                memchr
 .text.memcpy   0x000000000800855c       0x16 c:/st/stm32cubeide_1.4.0/stm32cubeide/plugins/com.st.stm32cube.ide.mcu.externaltools.gnu-tools-for-stm32.7-2018-q2-update.win32_1.4.0.202007081208/tools/bin/../lib/gcc/arm-none-eabi/7.3.1/../../../../arm-none-eabi/lib/thumb/v7-m\libc_nano.a(lib_a-memcpy-stub.o)
                0x000000000800855c                memcpy
 .text.memmove  0x0000000008008572       0x32 c:/st/stm32cubeide_1.4.0/stm32cubeide/plugins/com.st.stm32cube.ide.mcu.externaltools.gnu-tools-for-stm32.7-2018-q2-update.win32_1.4.0.202007081208/tools/bin/../lib/gcc/arm-none-eabi/7.3.1/../../../../arm-none-eabi/lib/thumb/v7-m\libc_nano.a(lib_a-memmove.o)
                0x0000000008008572                memmove
 .text._free_r  0x00000000080085a4       0x98 c:/st/stm32cubeide_1.4.0/stm32cubeide/plugins/com.st.stm32cube.ide.mcu.externaltools.gnu-tools-for-stm32.7-2018-q2-update.win32_1.4.0.202007081208/tools/bin/../lib/gcc/arm-none-eabi/7.3.1/../../../../arm-none-eabi/lib/thumb/v7-m\libc_nano.a(lib_a-nano-freer.o)
                0x00000000080085a4                _free_r
 .text._malloc_r
                0x000000000800863c       0xb4 c:/st/stm32cubeide_1.4.0/stm32cubeide/plugins/com.st.stm32cube.ide.mcu.externaltools.gnu-tools-for-stm32.7-2018-q2-update.win32_1.4.0.202007081208/tools/bin/../lib/gcc/arm-none-eabi/7.3.1/../../../../arm-none-eabi/lib/thumb/v7-m\libc_nano.a(lib_a-nano-mallocr.o)
                0x000000000800863c                _malloc_r
 .text._realloc_r
                0x00000000080086f0       0x4c c:/st/stm32cubeide_1.4.0/stm32cubeide/plugins/com.st.stm32cube.ide.mcu.externaltools.gnu-tools-for-stm32.7-2018-q2-update.win32_1.4.0.202007081208/tools/bin/../lib/gcc/arm-none-eabi/7.3.1/../../../../arm-none-eabi/lib/thumb/v7-m\libc_nano.a(lib_a-nano-reallocr.o)
                0x00000000080086f0                _realloc_r
 .text._sbrk_r  0x000000000800873c       0x20 c:/st/stm32cubeide_1.4.0/stm32cubeide/plugins/com.st.stm32cube.ide.mcu.externaltools.gnu-tools-for-stm32.7-2018-q2-update.win32_1.4.0.202007081208/tools/bin/../lib/gcc/arm-none-eabi/7.3.1/../../../../arm-none-eabi/lib/thumb/v7-m\libc_nano.a(lib_a-sbrkr.o)
                0x000000000800873c                _sbrk_r
 .text.__malloc_lock
                0x000000000800875c        0x2 c:/st/stm32cubeide_1.4.0/stm32cubeide/plugins/com.st.stm32cube.ide.mcu.externaltools.gnu-tools-for-stm32.7-2018-q2-update.win32_1.4.0.202007081208/tools/bin/../lib/gcc/arm-none-eabi/7.3.1/../../../../arm-none-eabi/lib/thumb/v7-m\libc_nano.a(lib_a-mlock.o)
                0x000000000800875c                __malloc_lock
 .text.__malloc_unlock
                0x000000000800875e        0x2 c:/st/stm32cubeide_1.4.0/stm32cubeide/plugins/com.st.stm32cube.ide.mcu.externaltools.gnu-tools-for-stm32.7-2018-q2-update.win32_1.4.0.202007081208/tools/bin/../lib/gcc/arm-none-eabi/7.3.1/../../../../arm-none-eabi/lib/thumb/v7-m\libc_nano.a(lib_a-mlock.o)
                0x000000000800875e                __malloc_unlock
 .text._malloc_usable_size_r
                0x0000000008008760       0x10 c:/st/stm32cubeide_1.4.0/stm32cubeide/plugins/com.st.stm32cube.ide.mcu.externaltools.gnu-tools-for-stm32.7-2018-q2-update.win32_1.4.0.202007081208/tools/bin/../lib/gcc/arm-none-eabi/7.3.1/../../../../arm-none-eabi/lib/thumb/v7-m\libc_nano.a(lib_a-nano-msizer.o)
                0x0000000008008760                _malloc_usable_size_r
 *(.glue_7)
 .glue_7        0x0000000008008770        0x0 linker stubs
 *(.glue_7t)
 .glue_7t       0x0000000008008770        0x0 linker stubs
 *(.eh_frame)
 .eh_frame      0x0000000008008770        0x0 c:/st/stm32cubeide_1.4.0/stm32cubeide/plugins/com.st.stm32cube.ide.mcu.externaltools.gnu-tools-for-stm32.7-2018-q2-update.win32_1.4.0.202007081208/tools/bin/../lib/gcc/arm-none-eabi/7.3.1/thumb/v7-m/crtbegin.o
 *(.init)
 .init          0x0000000008008770        0x4 c:/st/stm32cubeide_1.4.0/stm32cubeide/plugins/com.st.stm32cube.ide.mcu.externaltools.gnu-tools-for-stm32.7-2018-q2-update.win32_1.4.0.202007081208/tools/bin/../lib/gcc/arm-none-eabi/7.3.1/thumb/v7-m/crti.o
                0x0000000008008770                _init
 .init          0x0000000008008774        0x8 c:/st/stm32cubeide_1.4.0/stm32cubeide/plugins/com.st.stm32cube.ide.mcu.externaltools.gnu-tools-for-stm32.7-2018-q2-update.win32_1.4.0.202007081208/tools/bin/../lib/gcc/arm-none-eabi/7.3.1/thumb/v7-m/crtn.o
 *(.fini)
 .fini          0x000000000800877c        0x4 c:/st/stm32cubeide_1.4.0/stm32cubeide/plugins/com.st.stm32cube.ide.mcu.externaltools.gnu-tools-for-stm32.7-2018-q2-update.win32_1.4.0.202007081208/tools/bin/../lib/gcc/arm-none-eabi/7.3.1/thumb/v7-m/crti.o
                0x000000000800877c                _fini
 .fini          0x0000000008008780        0x8 c:/st/stm32cubeide_1.4.0/stm32cubeide/plugins/com.st.stm32cube.ide.mcu.externaltools.gnu-tools-for-stm32.7-2018-q2-update.win32_1.4.0.202007081208/tools/bin/../lib/gcc/arm-none-eabi/7.3.1/thumb/v7-m/crtn.o
                0x0000000008008788                . = ALIGN (0x4)
                0x0000000008008788                _etext = .

.vfp11_veneer   0x0000000008008788        0x0
 .vfp11_veneer  0x0000000008008788        0x0 linker stubs

.v4_bx          0x0000000008008788        0x0
 .v4_bx         0x0000000008008788        0x0 linker stubs

.iplt           0x0000000008008788        0x0
 .iplt          0x0000000008008788        0x0 c:/st/stm32cubeide_1.4.0/stm32cubeide/plugins/com.st.stm32cube.ide.mcu.externaltools.gnu-tools-for-stm32.7-2018-q2-update.win32_1.4.0.202007081208/tools/bin/../lib/gcc/arm-none-eabi/7.3.1/thumb/v7-m/crtbegin.o

.rodata         0x0000000008008788       0xb0
                0x0000000008008788                . = ALIGN (0x4)
 *(.rodata)
 .rodata        0x0000000008008788       0x12 Drivers/STM32F1xx_HAL_Driver/Src/stm32f1xx_hal_rcc.o
 *fill*         0x000000000800879a        0x2 
 .rodata        0x000000000800879c        0x5 USB_DEVICE/App/usbd_cdc_if.o
 *fill*         0x00000000080087a1        0x3 
 .rodata        0x00000000080087a4       0x46 USB_DEVICE/App/usbd_desc.o
 *(.rodata*)
 *fill*         0x00000000080087ea        0x2 
 .rodata.AHBPrescTable
                0x00000000080087ec       0x10 Core/Src/system_stm32f1xx.o
                0x00000000080087ec                AHBPrescTable
 .rodata.APBPrescTable
                0x00000000080087fc        0x8 Core/Src/system_stm32f1xx.o
                0x00000000080087fc                APBPrescTable
 .rodata._svfprintf_r.str1.1
                0x0000000008008804       0x11 c:/st/stm32cubeide_1.4.0/stm32cubeide/plugins/com.st.stm32cube.ide.mcu.externaltools.gnu-tools-for-stm32.7-2018-q2-update.win32_1.4.0.202007081208/tools/bin/../lib/gcc/arm-none-eabi/7.3.1/../../../../arm-none-eabi/lib/thumb/v7-m\libc_nano.a(lib_a-nano-svfprintf.o)
 .rodata._printf_i.str1.1
                0x0000000008008815       0x22 c:/st/stm32cubeide_1.4.0/stm32cubeide/plugins/com.st.stm32cube.ide.mcu.externaltools.gnu-tools-for-stm32.7-2018-q2-update.win32_1.4.0.202007081208/tools/bin/../lib/gcc/arm-none-eabi/7.3.1/../../../../arm-none-eabi/lib/thumb/v7-m\libc_nano.a(lib_a-nano-vfprintf_i.o)
                0x0000000008008838                . = ALIGN (0x4)
 *fill*         0x0000000008008837        0x1 

.rel.dyn        0x0000000008008838        0x0
 .rel.iplt      0x0000000008008838        0x0 c:/st/stm32cubeide_1.4.0/stm32cubeide/plugins/com.st.stm32cube.ide.mcu.externaltools.gnu-tools-for-stm32.7-2018-q2-update.win32_1.4.0.202007081208/tools/bin/../lib/gcc/arm-none-eabi/7.3.1/thumb/v7-m/crtbegin.o

.ARM.extab      0x0000000008008838        0x0
                0x0000000008008838                . = ALIGN (0x4)
 *(.ARM.extab* .gnu.linkonce.armextab.*)
                0x0000000008008838                . = ALIGN (0x4)

.ARM            0x0000000008008838        0x0
                0x0000000008008838                . = ALIGN (0x4)
                0x0000000008008838                __exidx_start = .
 *(.ARM.exidx*)
                0x0000000008008838                __exidx_end = .
                0x0000000008008838                . = ALIGN (0x4)

.preinit_array  0x0000000008008838        0x0
                0x0000000008008838                . = ALIGN (0x4)
                0x0000000008008838                PROVIDE (__preinit_array_start = .)
 *(.preinit_array*)
                0x0000000008008838                PROVIDE (__preinit_array_end = .)
                0x0000000008008838                . = ALIGN (0x4)

.init_array     0x0000000008008838        0x4
                0x0000000008008838                . = ALIGN (0x4)
                0x0000000008008838                PROVIDE (__init_array_start = .)
 *(SORT_BY_NAME(.init_array.*))
 *(.init_array*)
 .init_array    0x0000000008008838        0x4 c:/st/stm32cubeide_1.4.0/stm32cubeide/plugins/com.st.stm32cube.ide.mcu.externaltools.gnu-tools-for-stm32.7-2018-q2-update.win32_1.4.0.202007081208/tools/bin/../lib/gcc/arm-none-eabi/7.3.1/thumb/v7-m/crtbegin.o
                0x000000000800883c                PROVIDE (__init_array_end = .)
                0x000000000800883c                . = ALIGN (0x4)

.fini_array     0x000000000800883c        0x4
                0x000000000800883c                . = ALIGN (0x4)
                [!provide]                        PROVIDE (__fini_array_start = .)
 *(SORT_BY_NAME(.fini_array.*))
 *(.fini_array*)
 .fini_array    0x000000000800883c        0x4 c:/st/stm32cubeide_1.4.0/stm32cubeide/plugins/com.st.stm32cube.ide.mcu.externaltools.gnu-tools-for-stm32.7-2018-q2-update.win32_1.4.0.202007081208/tools/bin/../lib/gcc/arm-none-eabi/7.3.1/thumb/v7-m/crtbegin.o
                [!provide]                        PROVIDE (__fini_array_end = .)
                0x0000000008008840                . = ALIGN (0x4)
                0x0000000008008840                _sidata = LOADADDR (.data)

.data           0x0000000020000000      0x1e0 load address 0x0000000008008840
                0x0000000020000000                . = ALIGN (0x4)
                0x0000000020000000                _sdata = .
 *(.data)
 *(.data*)
 .data.SystemCoreClock
                0x0000000020000000        0x4 Core/Src/system_stm32f1xx.o
                0x0000000020000000                SystemCoreClock
 .data.uwTickPrio
                0x0000000020000004        0x4 Drivers/STM32F1xx_HAL_Driver/Src/stm32f1xx_hal.o
                0x0000000020000004                uwTickPrio
 .data.uwTickFreq
                0x0000000020000008        0x1 Drivers/STM32F1xx_HAL_Driver/Src/stm32f1xx_hal.o
                0x0000000020000008                uwTickFreq
 *fill*         0x0000000020000009        0x3 
 .data.USBD_CDC_DeviceQualifierDesc
                0x000000002000000c        0xa Middlewares/ST/STM32_USB_Device_Library/Class/CDC/Src/usbd_cdc.o
 *fill*         0x0000000020000016        0x2 
 .data.USBD_CDC
                0x0000000020000018       0x38 Middlewares/ST/STM32_USB_Device_Library/Class/CDC/Src/usbd_cdc.o
                0x0000000020000018                USBD_CDC
 .data.USBD_CDC_CfgHSDesc
                0x0000000020000050       0x43 Middlewares/ST/STM32_USB_Device_Library/Class/CDC/Src/usbd_cdc.o
                0x0000000020000050                USBD_CDC_CfgHSDesc
 *fill*         0x0000000020000093        0x1 
 .data.USBD_CDC_CfgFSDesc
                0x0000000020000094       0x43 Middlewares/ST/STM32_USB_Device_Library/Class/CDC/Src/usbd_cdc.o
                0x0000000020000094                USBD_CDC_CfgFSDesc
 *fill*         0x00000000200000d7        0x1 
 .data.USBD_CDC_OtherSpeedCfgDesc
                0x00000000200000d8       0x43 Middlewares/ST/STM32_USB_Device_Library/Class/CDC/Src/usbd_cdc.o
                0x00000000200000d8                USBD_CDC_OtherSpeedCfgDesc
 *fill*         0x000000002000011b        0x1 
 .data.USBD_Interface_fops_FS
                0x000000002000011c       0x10 USB_DEVICE/App/usbd_cdc_if.o
                0x000000002000011c                USBD_Interface_fops_FS
 .data.FS_Desc  0x000000002000012c       0x1c USB_DEVICE/App/usbd_desc.o
                0x000000002000012c                FS_Desc
 .data.USBD_FS_DeviceDesc
                0x0000000020000148       0x12 USB_DEVICE/App/usbd_desc.o
                0x0000000020000148                USBD_FS_DeviceDesc
 *fill*         0x000000002000015a        0x2 
 .data.USBD_LangIDDesc
                0x000000002000015c        0x4 USB_DEVICE/App/usbd_desc.o
                0x000000002000015c                USBD_LangIDDesc
 .data.USBD_StringSerial
                0x0000000020000160       0x1a USB_DEVICE/App/usbd_desc.o
                0x0000000020000160                USBD_StringSerial
 *fill*         0x000000002000017a        0x2 
 .data._impure_ptr
                0x000000002000017c        0x4 c:/st/stm32cubeide_1.4.0/stm32cubeide/plugins/com.st.stm32cube.ide.mcu.externaltools.gnu-tools-for-stm32.7-2018-q2-update.win32_1.4.0.202007081208/tools/bin/../lib/gcc/arm-none-eabi/7.3.1/../../../../arm-none-eabi/lib/thumb/v7-m\libc_nano.a(lib_a-impure.o)
                0x000000002000017c                _impure_ptr
 .data.impure_data
                0x0000000020000180       0x60 c:/st/stm32cubeide_1.4.0/stm32cubeide/plugins/com.st.stm32cube.ide.mcu.externaltools.gnu-tools-for-stm32.7-2018-q2-update.win32_1.4.0.202007081208/tools/bin/../lib/gcc/arm-none-eabi/7.3.1/../../../../arm-none-eabi/lib/thumb/v7-m\libc_nano.a(lib_a-impure.o)
                0x00000000200001e0                . = ALIGN (0x4)
                0x00000000200001e0                _edata = .

.igot.plt       0x00000000200001e0        0x0 load address 0x0000000008008a20
 .igot.plt      0x00000000200001e0        0x0 c:/st/stm32cubeide_1.4.0/stm32cubeide/plugins/com.st.stm32cube.ide.mcu.externaltools.gnu-tools-for-stm32.7-2018-q2-update.win32_1.4.0.202007081208/tools/bin/../lib/gcc/arm-none-eabi/7.3.1/thumb/v7-m/crtbegin.o
                0x00000000200001e0                . = ALIGN (0x4)

.bss            0x00000000200001e0     0x13c4 load address 0x0000000008008a20
                0x00000000200001e0                _sbss = .
                0x00000000200001e0                __bss_start__ = _sbss
 *(.bss)
 .bss           0x00000000200001e0       0x1c c:/st/stm32cubeide_1.4.0/stm32cubeide/plugins/com.st.stm32cube.ide.mcu.externaltools.gnu-tools-for-stm32.7-2018-q2-update.win32_1.4.0.202007081208/tools/bin/../lib/gcc/arm-none-eabi/7.3.1/thumb/v7-m/crtbegin.o
 *(.bss*)
 .bss.RxDataIndex
                0x00000000200001fc        0x1 Core/Src/main.o
                0x00000000200001fc                RxDataIndex
 *fill*         0x00000000200001fd        0x3 
 .bss.__sbrk_heap_end
                0x0000000020000200        0x4 Core/Src/sysmem.o
 .bss.cfgidx.7784
                0x0000000020000204        0x1 Middlewares/ST/STM32_USB_Device_Library/Core/Src/usbd_ctlreq.o
 *fill*         0x0000000020000205        0x3 
 .bss.mem.7852  0x0000000020000208      0x220 USB_DEVICE/Target/usbd_conf.o
 .bss.__malloc_free_list
                0x0000000020000428        0x4 c:/st/stm32cubeide_1.4.0/stm32cubeide/plugins/com.st.stm32cube.ide.mcu.externaltools.gnu-tools-for-stm32.7-2018-q2-update.win32_1.4.0.202007081208/tools/bin/../lib/gcc/arm-none-eabi/7.3.1/../../../../arm-none-eabi/lib/thumb/v7-m\libc_nano.a(lib_a-nano-mallocr.o)
                0x0000000020000428                __malloc_free_list
 .bss.__malloc_sbrk_start
                0x000000002000042c        0x4 c:/st/stm32cubeide_1.4.0/stm32cubeide/plugins/com.st.stm32cube.ide.mcu.externaltools.gnu-tools-for-stm32.7-2018-q2-update.win32_1.4.0.202007081208/tools/bin/../lib/gcc/arm-none-eabi/7.3.1/../../../../arm-none-eabi/lib/thumb/v7-m\libc_nano.a(lib_a-nano-mallocr.o)
                0x000000002000042c                __malloc_sbrk_start
 *(COMMON)
 COMMON         0x0000000020000430      0x1eb Core/Src/main.o
                0x0000000020000430                TxData
                0x0000000020000498                RxData
                0x0000000020000500                huart2
                0x0000000020000544                USB_RxData
                0x00000000200005ac                USB_TxData
 *fill*         0x000000002000061b        0x1 
 COMMON         0x000000002000061c        0x4 Drivers/STM32F1xx_HAL_Driver/Src/stm32f1xx_hal.o
                0x000000002000061c                uwTick
 COMMON         0x0000000020000620      0x2c4 USB_DEVICE/App/usb_device.o
                0x0000000020000620                hUsbDeviceFS
 COMMON         0x00000000200008e4      0x7d0 USB_DEVICE/App/usbd_cdc_if.o
                0x00000000200008e4                UserRxBufferFS
                0x0000000020000ccc                UserTxBufferFS
 COMMON         0x00000000200010b4      0x200 USB_DEVICE/App/usbd_desc.o
                0x00000000200010b4                USBD_StrDesc
 COMMON         0x00000000200012b4      0x2ec USB_DEVICE/Target/usbd_conf.o
                0x00000000200012b4                hpcd_USB_FS
 COMMON         0x00000000200015a0        0x4 c:/st/stm32cubeide_1.4.0/stm32cubeide/plugins/com.st.stm32cube.ide.mcu.externaltools.gnu-tools-for-stm32.7-2018-q2-update.win32_1.4.0.202007081208/tools/bin/../lib/gcc/arm-none-eabi/7.3.1/../../../../arm-none-eabi/lib/thumb/v7-m\libc_nano.a(lib_a-reent.o)
                0x00000000200015a0                errno
                0x00000000200015a4                . = ALIGN (0x4)
                0x00000000200015a4                _ebss = .
                0x00000000200015a4                __bss_end__ = _ebss

._user_heap_stack
                0x00000000200015a4      0x604 load address 0x0000000008008a20
                0x00000000200015a8                . = ALIGN (0x8)
 *fill*         0x00000000200015a4        0x4 
                [!provide]                        PROVIDE (end = .)
                0x00000000200015a8                PROVIDE (_end = .)
                0x00000000200017a8                . = (. + _Min_Heap_Size)
 *fill*         0x00000000200015a8      0x200 
                0x0000000020001ba8                . = (. + _Min_Stack_Size)
 *fill*         0x00000000200017a8      0x400 
                0x0000000020001ba8                . = ALIGN (0x8)

/DISCARD/
 libc.a(*)
 libm.a(*)
 libgcc.a(*)

.ARM.attributes
                0x0000000000000000       0x29
 *(.ARM.attributes)
 .ARM.attributes
                0x0000000000000000       0x1d c:/st/stm32cubeide_1.4.0/stm32cubeide/plugins/com.st.stm32cube.ide.mcu.externaltools.gnu-tools-for-stm32.7-2018-q2-update.win32_1.4.0.202007081208/tools/bin/../lib/gcc/arm-none-eabi/7.3.1/thumb/v7-m/crti.o
 .ARM.attributes
                0x000000000000001d       0x2d c:/st/stm32cubeide_1.4.0/stm32cubeide/plugins/com.st.stm32cube.ide.mcu.externaltools.gnu-tools-for-stm32.7-2018-q2-update.win32_1.4.0.202007081208/tools/bin/../lib/gcc/arm-none-eabi/7.3.1/thumb/v7-m/crtbegin.o
 .ARM.attributes
                0x000000000000004a       0x33 Core/Src/main.o
 .ARM.attributes
                0x000000000000007d       0x33 Core/Src/stm32f1xx_hal_msp.o
 .ARM.attributes
                0x00000000000000b0       0x33 Core/Src/stm32f1xx_it.o
 .ARM.attributes
                0x00000000000000e3       0x33 Core/Src/sysmem.o
 .ARM.attributes
                0x0000000000000116       0x33 Core/Src/system_stm32f1xx.o
 .ARM.attributes
                0x0000000000000149       0x21 Core/Startup/startup_stm32f103c8tx.o
 .ARM.attributes
                0x000000000000016a       0x33 Drivers/STM32F1xx_HAL_Driver/Src/stm32f1xx_hal.o
 .ARM.attributes
                0x000000000000019d       0x33 Drivers/STM32F1xx_HAL_Driver/Src/stm32f1xx_hal_cortex.o
 .ARM.attributes
                0x00000000000001d0       0x33 Drivers/STM32F1xx_HAL_Driver/Src/stm32f1xx_hal_dma.o
 .ARM.attributes
                0x0000000000000203       0x33 Drivers/STM32F1xx_HAL_Driver/Src/stm32f1xx_hal_gpio.o
 .ARM.attributes
                0x0000000000000236       0x33 Drivers/STM32F1xx_HAL_Driver/Src/stm32f1xx_hal_pcd.o
 .ARM.attributes
                0x0000000000000269       0x33 Drivers/STM32F1xx_HAL_Driver/Src/stm32f1xx_hal_pcd_ex.o
 .ARM.attributes
                0x000000000000029c       0x33 Drivers/STM32F1xx_HAL_Driver/Src/stm32f1xx_hal_rcc.o
 .ARM.attributes
                0x00000000000002cf       0x33 Drivers/STM32F1xx_HAL_Driver/Src/stm32f1xx_hal_rcc_ex.o
 .ARM.attributes
                0x0000000000000302       0x33 Drivers/STM32F1xx_HAL_Driver/Src/stm32f1xx_hal_uart.o
 .ARM.attributes
                0x0000000000000335       0x33 Drivers/STM32F1xx_HAL_Driver/Src/stm32f1xx_ll_usb.o
 .ARM.attributes
                0x0000000000000368       0x33 Middlewares/ST/STM32_USB_Device_Library/Class/CDC/Src/usbd_cdc.o
 .ARM.attributes
                0x000000000000039b       0x33 Middlewares/ST/STM32_USB_Device_Library/Core/Src/usbd_core.o
 .ARM.attributes
                0x00000000000003ce       0x33 Middlewares/ST/STM32_USB_Device_Library/Core/Src/usbd_ctlreq.o
 .ARM.attributes
                0x0000000000000401       0x33 Middlewares/ST/STM32_USB_Device_Library/Core/Src/usbd_ioreq.o
 .ARM.attributes
                0x0000000000000434       0x33 USB_DEVICE/App/usb_device.o
 .ARM.attributes
                0x0000000000000467       0x33 USB_DEVICE/App/usbd_cdc_if.o
 .ARM.attributes
                0x000000000000049a       0x33 USB_DEVICE/App/usbd_desc.o
 .ARM.attributes
                0x00000000000004cd       0x33 USB_DEVICE/Target/usbd_conf.o
 .ARM.attributes
                0x0000000000000500       0x2d c:/st/stm32cubeide_1.4.0/stm32cubeide/plugins/com.st.stm32cube.ide.mcu.externaltools.gnu-tools-for-stm32.7-2018-q2-update.win32_1.4.0.202007081208/tools/bin/../lib/gcc/arm-none-eabi/7.3.1/../../../../arm-none-eabi/lib/thumb/v7-m\libc_nano.a(lib_a-errno.o)
 .ARM.attributes
                0x000000000000052d       0x2d c:/st/stm32cubeide_1.4.0/stm32cubeide/plugins/com.st.stm32cube.ide.mcu.externaltools.gnu-tools-for-stm32.7-2018-q2-update.win32_1.4.0.202007081208/tools/bin/../lib/gcc/arm-none-eabi/7.3.1/../../../../arm-none-eabi/lib/thumb/v7-m\libc_nano.a(lib_a-impure.o)
 .ARM.attributes
                0x000000000000055a       0x2d c:/st/stm32cubeide_1.4.0/stm32cubeide/plugins/com.st.stm32cube.ide.mcu.externaltools.gnu-tools-for-stm32.7-2018-q2-update.win32_1.4.0.202007081208/tools/bin/../lib/gcc/arm-none-eabi/7.3.1/../../../../arm-none-eabi/lib/thumb/v7-m\libc_nano.a(lib_a-init.o)
 .ARM.attributes
                0x0000000000000587       0x2d c:/st/stm32cubeide_1.4.0/stm32cubeide/plugins/com.st.stm32cube.ide.mcu.externaltools.gnu-tools-for-stm32.7-2018-q2-update.win32_1.4.0.202007081208/tools/bin/../lib/gcc/arm-none-eabi/7.3.1/../../../../arm-none-eabi/lib/thumb/v7-m\libc_nano.a(lib_a-memset.o)
 .ARM.attributes
                0x00000000000005b4       0x2d c:/st/stm32cubeide_1.4.0/stm32cubeide/plugins/com.st.stm32cube.ide.mcu.externaltools.gnu-tools-for-stm32.7-2018-q2-update.win32_1.4.0.202007081208/tools/bin/../lib/gcc/arm-none-eabi/7.3.1/../../../../arm-none-eabi/lib/thumb/v7-m\libc_nano.a(lib_a-sprintf.o)
 .ARM.attributes
                0x00000000000005e1       0x17 c:/st/stm32cubeide_1.4.0/stm32cubeide/plugins/com.st.stm32cube.ide.mcu.externaltools.gnu-tools-for-stm32.7-2018-q2-update.win32_1.4.0.202007081208/tools/bin/../lib/gcc/arm-none-eabi/7.3.1/../../../../arm-none-eabi/lib/thumb/v7-m\libc_nano.a(lib_a-strlen.o)
 .ARM.attributes
                0x00000000000005f8       0x2d c:/st/stm32cubeide_1.4.0/stm32cubeide/plugins/com.st.stm32cube.ide.mcu.externaltools.gnu-tools-for-stm32.7-2018-q2-update.win32_1.4.0.202007081208/tools/bin/../lib/gcc/arm-none-eabi/7.3.1/../../../../arm-none-eabi/lib/thumb/v7-m\libc_nano.a(lib_a-nano-svfprintf.o)
 .ARM.attributes
                0x0000000000000625       0x2d c:/st/stm32cubeide_1.4.0/stm32cubeide/plugins/com.st.stm32cube.ide.mcu.externaltools.gnu-tools-for-stm32.7-2018-q2-update.win32_1.4.0.202007081208/tools/bin/../lib/gcc/arm-none-eabi/7.3.1/../../../../arm-none-eabi/lib/thumb/v7-m\libc_nano.a(lib_a-nano-vfprintf_i.o)
 .ARM.attributes
                0x0000000000000652       0x2d c:/st/stm32cubeide_1.4.0/stm32cubeide/plugins/com.st.stm32cube.ide.mcu.externaltools.gnu-tools-for-stm32.7-2018-q2-update.win32_1.4.0.202007081208/tools/bin/../lib/gcc/arm-none-eabi/7.3.1/../../../../arm-none-eabi/lib/thumb/v7-m\libc_nano.a(lib_a-memchr-stub.o)
 .ARM.attributes
                0x000000000000067f       0x2d c:/st/stm32cubeide_1.4.0/stm32cubeide/plugins/com.st.stm32cube.ide.mcu.externaltools.gnu-tools-for-stm32.7-2018-q2-update.win32_1.4.0.202007081208/tools/bin/../lib/gcc/arm-none-eabi/7.3.1/../../../../arm-none-eabi/lib/thumb/v7-m\libc_nano.a(lib_a-memcpy-stub.o)
 .ARM.attributes
                0x00000000000006ac       0x2d c:/st/stm32cubeide_1.4.0/stm32cubeide/plugins/com.st.stm32cube.ide.mcu.externaltools.gnu-tools-for-stm32.7-2018-q2-update.win32_1.4.0.202007081208/tools/bin/../lib/gcc/arm-none-eabi/7.3.1/../../../../arm-none-eabi/lib/thumb/v7-m\libc_nano.a(lib_a-memmove.o)
 .ARM.attributes
                0x00000000000006d9       0x2d c:/st/stm32cubeide_1.4.0/stm32cubeide/plugins/com.st.stm32cube.ide.mcu.externaltools.gnu-tools-for-stm32.7-2018-q2-update.win32_1.4.0.202007081208/tools/bin/../lib/gcc/arm-none-eabi/7.3.1/../../../../arm-none-eabi/lib/thumb/v7-m\libc_nano.a(lib_a-nano-freer.o)
 .ARM.attributes
                0x0000000000000706       0x2d c:/st/stm32cubeide_1.4.0/stm32cubeide/plugins/com.st.stm32cube.ide.mcu.externaltools.gnu-tools-for-stm32.7-2018-q2-update.win32_1.4.0.202007081208/tools/bin/../lib/gcc/arm-none-eabi/7.3.1/../../../../arm-none-eabi/lib/thumb/v7-m\libc_nano.a(lib_a-nano-mallocr.o)
 .ARM.attributes
                0x0000000000000733       0x2d c:/st/stm32cubeide_1.4.0/stm32cubeide/plugins/com.st.stm32cube.ide.mcu.externaltools.gnu-tools-for-stm32.7-2018-q2-update.win32_1.4.0.202007081208/tools/bin/../lib/gcc/arm-none-eabi/7.3.1/../../../../arm-none-eabi/lib/thumb/v7-m\libc_nano.a(lib_a-nano-reallocr.o)
 .ARM.attributes
                0x0000000000000760       0x2d c:/st/stm32cubeide_1.4.0/stm32cubeide/plugins/com.st.stm32cube.ide.mcu.externaltools.gnu-tools-for-stm32.7-2018-q2-update.win32_1.4.0.202007081208/tools/bin/../lib/gcc/arm-none-eabi/7.3.1/../../../../arm-none-eabi/lib/thumb/v7-m\libc_nano.a(lib_a-sbrkr.o)
 .ARM.attributes
                0x000000000000078d       0x2d c:/st/stm32cubeide_1.4.0/stm32cubeide/plugins/com.st.stm32cube.ide.mcu.externaltools.gnu-tools-for-stm32.7-2018-q2-update.win32_1.4.0.202007081208/tools/bin/../lib/gcc/arm-none-eabi/7.3.1/../../../../arm-none-eabi/lib/thumb/v7-m\libc_nano.a(lib_a-mlock.o)
 .ARM.attributes
                0x00000000000007ba       0x2d c:/st/stm32cubeide_1.4.0/stm32cubeide/plugins/com.st.stm32cube.ide.mcu.externaltools.gnu-tools-for-stm32.7-2018-q2-update.win32_1.4.0.202007081208/tools/bin/../lib/gcc/arm-none-eabi/7.3.1/../../../../arm-none-eabi/lib/thumb/v7-m\libc_nano.a(lib_a-nano-msizer.o)
 .ARM.attributes
                0x00000000000007e7       0x2d c:/st/stm32cubeide_1.4.0/stm32cubeide/plugins/com.st.stm32cube.ide.mcu.externaltools.gnu-tools-for-stm32.7-2018-q2-update.win32_1.4.0.202007081208/tools/bin/../lib/gcc/arm-none-eabi/7.3.1/../../../../arm-none-eabi/lib/thumb/v7-m\libc_nano.a(lib_a-reent.o)
 .ARM.attributes
                0x0000000000000814       0x1d c:/st/stm32cubeide_1.4.0/stm32cubeide/plugins/com.st.stm32cube.ide.mcu.externaltools.gnu-tools-for-stm32.7-2018-q2-update.win32_1.4.0.202007081208/tools/bin/../lib/gcc/arm-none-eabi/7.3.1/thumb/v7-m/crtn.o
OUTPUT(RF-2-nadajnik.elf elf32-littlearm)

.debug_info     0x0000000000000000    0x1456f
 .debug_info    0x0000000000000000     0x168e Core/Src/main.o
 .debug_info    0x000000000000168e      0x994 Core/Src/stm32f1xx_hal_msp.o
 .debug_info    0x0000000000002022      0xac0 Core/Src/stm32f1xx_it.o
 .debug_info    0x0000000000002ae2      0x985 Core/Src/sysmem.o
 .debug_info    0x0000000000003467      0x29a Core/Src/system_stm32f1xx.o
 .debug_info    0x0000000000003701       0x22 Core/Startup/startup_stm32f103c8tx.o
 .debug_info    0x0000000000003723      0x714 Drivers/STM32F1xx_HAL_Driver/Src/stm32f1xx_hal.o
 .debug_info    0x0000000000003e37      0xb51 Drivers/STM32F1xx_HAL_Driver/Src/stm32f1xx_hal_cortex.o
 .debug_info    0x0000000000004988      0x7b1 Drivers/STM32F1xx_HAL_Driver/Src/stm32f1xx_hal_dma.o
 .debug_info    0x0000000000005139      0x69b Drivers/STM32F1xx_HAL_Driver/Src/stm32f1xx_hal_gpio.o
 .debug_info    0x00000000000057d4     0x13f3 Drivers/STM32F1xx_HAL_Driver/Src/stm32f1xx_hal_pcd.o
 .debug_info    0x0000000000006bc7      0x787 Drivers/STM32F1xx_HAL_Driver/Src/stm32f1xx_hal_pcd_ex.o
 .debug_info    0x000000000000734e      0x80f Drivers/STM32F1xx_HAL_Driver/Src/stm32f1xx_hal_rcc.o
 .debug_info    0x0000000000007b5d      0x444 Drivers/STM32F1xx_HAL_Driver/Src/stm32f1xx_hal_rcc_ex.o
 .debug_info    0x0000000000007fa1     0x14ec Drivers/STM32F1xx_HAL_Driver/Src/stm32f1xx_hal_uart.o
 .debug_info    0x000000000000948d     0x18b3 Drivers/STM32F1xx_HAL_Driver/Src/stm32f1xx_ll_usb.o
 .debug_info    0x000000000000ad40     0x17b8 Middlewares/ST/STM32_USB_Device_Library/Class/CDC/Src/usbd_cdc.o
 .debug_info    0x000000000000c4f8     0x11d2 Middlewares/ST/STM32_USB_Device_Library/Core/Src/usbd_core.o
 .debug_info    0x000000000000d6ca     0x1142 Middlewares/ST/STM32_USB_Device_Library/Core/Src/usbd_ctlreq.o
 .debug_info    0x000000000000e80c      0xf33 Middlewares/ST/STM32_USB_Device_Library/Core/Src/usbd_ioreq.o
 .debug_info    0x000000000000f73f      0xe7b USB_DEVICE/App/usb_device.o
 .debug_info    0x00000000000105ba     0x14e2 USB_DEVICE/App/usbd_cdc_if.o
 .debug_info    0x0000000000011a9c      0xd17 USB_DEVICE/App/usbd_desc.o
 .debug_info    0x00000000000127b3     0x1dbc USB_DEVICE/Target/usbd_conf.o

.debug_abbrev   0x0000000000000000     0x2fcc
 .debug_abbrev  0x0000000000000000      0x250 Core/Src/main.o
 .debug_abbrev  0x0000000000000250      0x195 Core/Src/stm32f1xx_hal_msp.o
 .debug_abbrev  0x00000000000003e5      0x174 Core/Src/stm32f1xx_it.o
 .debug_abbrev  0x0000000000000559      0x19b Core/Src/sysmem.o
 .debug_abbrev  0x00000000000006f4      0x134 Core/Src/system_stm32f1xx.o
 .debug_abbrev  0x0000000000000828       0x12 Core/Startup/startup_stm32f103c8tx.o
 .debug_abbrev  0x000000000000083a      0x1c7 Drivers/STM32F1xx_HAL_Driver/Src/stm32f1xx_hal.o
 .debug_abbrev  0x0000000000000a01      0x2d5 Drivers/STM32F1xx_HAL_Driver/Src/stm32f1xx_hal_cortex.o
 .debug_abbrev  0x0000000000000cd6      0x1fe Drivers/STM32F1xx_HAL_Driver/Src/stm32f1xx_hal_dma.o
 .debug_abbrev  0x0000000000000ed4      0x1c0 Drivers/STM32F1xx_HAL_Driver/Src/stm32f1xx_hal_gpio.o
 .debug_abbrev  0x0000000000001094      0x268 Drivers/STM32F1xx_HAL_Driver/Src/stm32f1xx_hal_pcd.o
 .debug_abbrev  0x00000000000012fc      0x188 Drivers/STM32F1xx_HAL_Driver/Src/stm32f1xx_hal_pcd_ex.o
 .debug_abbrev  0x0000000000001484      0x243 Drivers/STM32F1xx_HAL_Driver/Src/stm32f1xx_hal_rcc.o
 .debug_abbrev  0x00000000000016c7      0x175 Drivers/STM32F1xx_HAL_Driver/Src/stm32f1xx_hal_rcc_ex.o
 .debug_abbrev  0x000000000000183c      0x25d Drivers/STM32F1xx_HAL_Driver/Src/stm32f1xx_hal_uart.o
 .debug_abbrev  0x0000000000001a99      0x1d2 Drivers/STM32F1xx_HAL_Driver/Src/stm32f1xx_ll_usb.o
 .debug_abbrev  0x0000000000001c6b      0x2b6 Middlewares/ST/STM32_USB_Device_Library/Class/CDC/Src/usbd_cdc.o
 .debug_abbrev  0x0000000000001f21      0x270 Middlewares/ST/STM32_USB_Device_Library/Core/Src/usbd_core.o
 .debug_abbrev  0x0000000000002191      0x2a0 Middlewares/ST/STM32_USB_Device_Library/Core/Src/usbd_ctlreq.o
 .debug_abbrev  0x0000000000002431      0x1e0 Middlewares/ST/STM32_USB_Device_Library/Core/Src/usbd_ioreq.o
 .debug_abbrev  0x0000000000002611      0x1be USB_DEVICE/App/usb_device.o
 .debug_abbrev  0x00000000000027cf      0x292 USB_DEVICE/App/usbd_cdc_if.o
 .debug_abbrev  0x0000000000002a61      0x290 USB_DEVICE/App/usbd_desc.o
 .debug_abbrev  0x0000000000002cf1      0x2db USB_DEVICE/Target/usbd_conf.o

.debug_aranges  0x0000000000000000      0xd28
 .debug_aranges
                0x0000000000000000       0x40 Core/Src/main.o
 .debug_aranges
                0x0000000000000040       0x30 Core/Src/stm32f1xx_hal_msp.o
 .debug_aranges
                0x0000000000000070       0x78 Core/Src/stm32f1xx_it.o
 .debug_aranges
                0x00000000000000e8       0x20 Core/Src/sysmem.o
 .debug_aranges
                0x0000000000000108       0x28 Core/Src/system_stm32f1xx.o
 .debug_aranges
                0x0000000000000130       0x28 Core/Startup/startup_stm32f103c8tx.o
 .debug_aranges
                0x0000000000000158       0xe0 Drivers/STM32F1xx_HAL_Driver/Src/stm32f1xx_hal.o
 .debug_aranges
                0x0000000000000238      0x100 Drivers/STM32F1xx_HAL_Driver/Src/stm32f1xx_hal_cortex.o
 .debug_aranges
                0x0000000000000338       0x80 Drivers/STM32F1xx_HAL_Driver/Src/stm32f1xx_hal_dma.o
 .debug_aranges
                0x00000000000003b8       0x58 Drivers/STM32F1xx_HAL_Driver/Src/stm32f1xx_hal_gpio.o
 .debug_aranges
                0x0000000000000410      0x138 Drivers/STM32F1xx_HAL_Driver/Src/stm32f1xx_hal_pcd.o
 .debug_aranges
                0x0000000000000548       0x38 Drivers/STM32F1xx_HAL_Driver/Src/stm32f1xx_hal_pcd_ex.o
 .debug_aranges
                0x0000000000000580       0x90 Drivers/STM32F1xx_HAL_Driver/Src/stm32f1xx_hal_rcc.o
 .debug_aranges
                0x0000000000000610       0x30 Drivers/STM32F1xx_HAL_Driver/Src/stm32f1xx_hal_rcc_ex.o
 .debug_aranges
                0x0000000000000640      0x200 Drivers/STM32F1xx_HAL_Driver/Src/stm32f1xx_hal_uart.o
 .debug_aranges
                0x0000000000000840       0xf0 Drivers/STM32F1xx_HAL_Driver/Src/stm32f1xx_ll_usb.o
 .debug_aranges
                0x0000000000000930       0x90 Middlewares/ST/STM32_USB_Device_Library/Class/CDC/Src/usbd_cdc.o
 .debug_aranges
                0x00000000000009c0       0xb8 Middlewares/ST/STM32_USB_Device_Library/Core/Src/usbd_core.o
 .debug_aranges
                0x0000000000000a78       0x88 Middlewares/ST/STM32_USB_Device_Library/Core/Src/usbd_ctlreq.o
 .debug_aranges
                0x0000000000000b00       0x50 Middlewares/ST/STM32_USB_Device_Library/Core/Src/usbd_ioreq.o
 .debug_aranges
                0x0000000000000b50       0x20 USB_DEVICE/App/usb_device.o
 .debug_aranges
                0x0000000000000b70       0x40 USB_DEVICE/App/usbd_cdc_if.o
 .debug_aranges
                0x0000000000000bb0       0x60 USB_DEVICE/App/usbd_desc.o
 .debug_aranges
                0x0000000000000c10      0x118 USB_DEVICE/Target/usbd_conf.o

.debug_ranges   0x0000000000000000      0xbe0
 .debug_ranges  0x0000000000000000       0x30 Core/Src/main.o
 .debug_ranges  0x0000000000000030       0x20 Core/Src/stm32f1xx_hal_msp.o
 .debug_ranges  0x0000000000000050       0x68 Core/Src/stm32f1xx_it.o
 .debug_ranges  0x00000000000000b8       0x10 Core/Src/sysmem.o
 .debug_ranges  0x00000000000000c8       0x18 Core/Src/system_stm32f1xx.o
 .debug_ranges  0x00000000000000e0       0x20 Core/Startup/startup_stm32f103c8tx.o
 .debug_ranges  0x0000000000000100       0xd0 Drivers/STM32F1xx_HAL_Driver/Src/stm32f1xx_hal.o
 .debug_ranges  0x00000000000001d0       0xf0 Drivers/STM32F1xx_HAL_Driver/Src/stm32f1xx_hal_cortex.o
 .debug_ranges  0x00000000000002c0       0x70 Drivers/STM32F1xx_HAL_Driver/Src/stm32f1xx_hal_dma.o
 .debug_ranges  0x0000000000000330       0x48 Drivers/STM32F1xx_HAL_Driver/Src/stm32f1xx_hal_gpio.o
 .debug_ranges  0x0000000000000378      0x128 Drivers/STM32F1xx_HAL_Driver/Src/stm32f1xx_hal_pcd.o
 .debug_ranges  0x00000000000004a0       0x28 Drivers/STM32F1xx_HAL_Driver/Src/stm32f1xx_hal_pcd_ex.o
 .debug_ranges  0x00000000000004c8       0x80 Drivers/STM32F1xx_HAL_Driver/Src/stm32f1xx_hal_rcc.o
 .debug_ranges  0x0000000000000548       0x20 Drivers/STM32F1xx_HAL_Driver/Src/stm32f1xx_hal_rcc_ex.o
 .debug_ranges  0x0000000000000568      0x220 Drivers/STM32F1xx_HAL_Driver/Src/stm32f1xx_hal_uart.o
 .debug_ranges  0x0000000000000788       0xe0 Drivers/STM32F1xx_HAL_Driver/Src/stm32f1xx_ll_usb.o
 .debug_ranges  0x0000000000000868       0x80 Middlewares/ST/STM32_USB_Device_Library/Class/CDC/Src/usbd_cdc.o
 .debug_ranges  0x00000000000008e8       0xa8 Middlewares/ST/STM32_USB_Device_Library/Core/Src/usbd_core.o
 .debug_ranges  0x0000000000000990       0x78 Middlewares/ST/STM32_USB_Device_Library/Core/Src/usbd_ctlreq.o
 .debug_ranges  0x0000000000000a08       0x40 Middlewares/ST/STM32_USB_Device_Library/Core/Src/usbd_ioreq.o
 .debug_ranges  0x0000000000000a48       0x10 USB_DEVICE/App/usb_device.o
 .debug_ranges  0x0000000000000a58       0x30 USB_DEVICE/App/usbd_cdc_if.o
 .debug_ranges  0x0000000000000a88       0x50 USB_DEVICE/App/usbd_desc.o
 .debug_ranges  0x0000000000000ad8      0x108 USB_DEVICE/Target/usbd_conf.o

.debug_macro    0x0000000000000000    0x1a053
 .debug_macro   0x0000000000000000      0x3ed Core/Src/main.o
 .debug_macro   0x00000000000003ed      0xa5a Core/Src/main.o
 .debug_macro   0x0000000000000e47      0x21b Core/Src/main.o
 .debug_macro   0x0000000000001062       0x2e Core/Src/main.o
 .debug_macro   0x0000000000001090       0x22 Core/Src/main.o
 .debug_macro   0x00000000000010b2       0x22 Core/Src/main.o
 .debug_macro   0x00000000000010d4       0x8e Core/Src/main.o
 .debug_macro   0x0000000000001162       0x51 Core/Src/main.o
 .debug_macro   0x00000000000011b3       0xef Core/Src/main.o
 .debug_macro   0x00000000000012a2       0x6a Core/Src/main.o
 .debug_macro   0x000000000000130c      0x1df Core/Src/main.o
 .debug_macro   0x00000000000014eb       0x1c Core/Src/main.o
 .debug_macro   0x0000000000001507       0x22 Core/Src/main.o
 .debug_macro   0x0000000000001529       0xc3 Core/Src/main.o
 .debug_macro   0x00000000000015ec      0xd23 Core/Src/main.o
 .debug_macro   0x000000000000230f     0xe09e Core/Src/main.o
 .debug_macro   0x00000000000103ad       0x6d Core/Src/main.o
 .debug_macro   0x000000000001041a     0x3468 Core/Src/main.o
 .debug_macro   0x0000000000013882      0x174 Core/Src/main.o
 .debug_macro   0x00000000000139f6       0x5c Core/Src/main.o
 .debug_macro   0x0000000000013a52      0x5be Core/Src/main.o
 .debug_macro   0x0000000000014010      0x289 Core/Src/main.o
 .debug_macro   0x0000000000014299      0x1cb Core/Src/main.o
 .debug_macro   0x0000000000014464      0x114 Core/Src/main.o
 .debug_macro   0x0000000000014578      0x1b2 Core/Src/main.o
 .debug_macro   0x000000000001472a       0x27 Core/Src/main.o
 .debug_macro   0x0000000000014751      0x136 Core/Src/main.o
 .debug_macro   0x0000000000014887      0x1bc Core/Src/main.o
 .debug_macro   0x0000000000014a43       0x34 Core/Src/main.o
 .debug_macro   0x0000000000014a77       0x3c Core/Src/main.o
 .debug_macro   0x0000000000014ab3       0x57 Core/Src/main.o
 .debug_macro   0x0000000000014b0a       0x88 Core/Src/main.o
 .debug_macro   0x0000000000014b92      0x241 Core/Src/main.o
 .debug_macro   0x0000000000014dd3      0x141 Core/Src/main.o
 .debug_macro   0x0000000000014f14      0x279 Core/Src/main.o
 .debug_macro   0x000000000001518d       0x65 Core/Src/main.o
 .debug_macro   0x00000000000151f2      0x249 Core/Src/main.o
 .debug_macro   0x000000000001543b       0x83 Core/Src/main.o
 .debug_macro   0x00000000000154be       0x40 Core/Src/main.o
 .debug_macro   0x00000000000154fe       0x46 Core/Src/main.o
 .debug_macro   0x0000000000015544       0x18 Core/Src/main.o
 .debug_macro   0x000000000001555c       0x3c Core/Src/main.o
 .debug_macro   0x0000000000015598       0x34 Core/Src/main.o
 .debug_macro   0x00000000000155cc       0x16 Core/Src/main.o
 .debug_macro   0x00000000000155e2       0x35 Core/Src/main.o
 .debug_macro   0x0000000000015617      0x32a Core/Src/main.o
 .debug_macro   0x0000000000015941       0x10 Core/Src/main.o
 .debug_macro   0x0000000000015951       0x52 Core/Src/main.o
 .debug_macro   0x00000000000159a3       0x1f Core/Src/main.o
 .debug_macro   0x00000000000159c2       0x43 Core/Src/main.o
 .debug_macro   0x0000000000015a05       0x20 Core/Src/main.o
 .debug_macro   0x0000000000015a25      0x1a3 Core/Src/main.o
 .debug_macro   0x0000000000015bc8       0x10 Core/Src/main.o
 .debug_macro   0x0000000000015bd8       0x1c Core/Src/main.o
 .debug_macro   0x0000000000015bf4       0x52 Core/Src/main.o
 .debug_macro   0x0000000000015c46       0x40 Core/Src/main.o
 .debug_macro   0x0000000000015c86       0x10 Core/Src/main.o
 .debug_macro   0x0000000000015c96       0x40 Core/Src/main.o
 .debug_macro   0x0000000000015cd6       0xd7 Core/Src/main.o
 .debug_macro   0x0000000000015dad       0x1c Core/Src/main.o
 .debug_macro   0x0000000000015dc9       0x3d Core/Src/main.o
 .debug_macro   0x0000000000015e06       0x16 Core/Src/main.o
 .debug_macro   0x0000000000015e1c      0x145 Core/Src/main.o
 .debug_macro   0x0000000000015f61       0x16 Core/Src/main.o
 .debug_macro   0x0000000000015f77       0x16 Core/Src/main.o
 .debug_macro   0x0000000000015f8d       0x29 Core/Src/main.o
 .debug_macro   0x0000000000015fb6       0x16 Core/Src/main.o
 .debug_macro   0x0000000000015fcc       0x20 Core/Src/main.o
 .debug_macro   0x0000000000015fec       0x60 Core/Src/main.o
 .debug_macro   0x000000000001604c      0x1c8 Core/Src/main.o
 .debug_macro   0x0000000000016214       0x8f Core/Src/main.o
 .debug_macro   0x00000000000162a3       0x10 Core/Src/main.o
 .debug_macro   0x00000000000162b3      0x1c1 Core/Src/stm32f1xx_hal_msp.o
 .debug_macro   0x0000000000016474      0x1cb Core/Src/stm32f1xx_it.o
 .debug_macro   0x000000000001663f       0xee Core/Src/sysmem.o
 .debug_macro   0x000000000001672d      0x23b Core/Src/sysmem.o
 .debug_macro   0x0000000000016968      0x1b2 Core/Src/system_stm32f1xx.o
 .debug_macro   0x0000000000016b1a      0x1d6 Drivers/STM32F1xx_HAL_Driver/Src/stm32f1xx_hal.o
 .debug_macro   0x0000000000016cf0      0x1b2 Drivers/STM32F1xx_HAL_Driver/Src/stm32f1xx_hal_cortex.o
 .debug_macro   0x0000000000016ea2      0x1b2 Drivers/STM32F1xx_HAL_Driver/Src/stm32f1xx_hal_dma.o
 .debug_macro   0x0000000000017054      0x21d Drivers/STM32F1xx_HAL_Driver/Src/stm32f1xx_hal_gpio.o
 .debug_macro   0x0000000000017271      0x1be Drivers/STM32F1xx_HAL_Driver/Src/stm32f1xx_hal_pcd.o
 .debug_macro   0x000000000001742f      0x1b2 Drivers/STM32F1xx_HAL_Driver/Src/stm32f1xx_hal_pcd_ex.o
 .debug_macro   0x00000000000175e1      0x1c4 Drivers/STM32F1xx_HAL_Driver/Src/stm32f1xx_hal_rcc.o
 .debug_macro   0x00000000000177a5      0x1b2 Drivers/STM32F1xx_HAL_Driver/Src/stm32f1xx_hal_rcc_ex.o
 .debug_macro   0x0000000000017957      0x1b3 Drivers/STM32F1xx_HAL_Driver/Src/stm32f1xx_hal_uart.o
 .debug_macro   0x0000000000017b0a      0x1b2 Drivers/STM32F1xx_HAL_Driver/Src/stm32f1xx_ll_usb.o
 .debug_macro   0x0000000000017cbc      0x3ce Middlewares/ST/STM32_USB_Device_Library/Class/CDC/Src/usbd_cdc.o
 .debug_macro   0x000000000001808a       0x97 Middlewares/ST/STM32_USB_Device_Library/Class/CDC/Src/usbd_cdc.o
 .debug_macro   0x0000000000018121       0xfd Middlewares/ST/STM32_USB_Device_Library/Class/CDC/Src/usbd_cdc.o
 .debug_macro   0x000000000001821e       0xbd Middlewares/ST/STM32_USB_Device_Library/Class/CDC/Src/usbd_cdc.o
 .debug_macro   0x00000000000182db       0x56 Middlewares/ST/STM32_USB_Device_Library/Class/CDC/Src/usbd_cdc.o
 .debug_macro   0x0000000000018331      0x3b5 Middlewares/ST/STM32_USB_Device_Library/Core/Src/usbd_core.o
 .debug_macro   0x00000000000186e6      0x1ce Middlewares/ST/STM32_USB_Device_Library/Core/Src/usbd_core.o
 .debug_macro   0x00000000000188b4      0x3bf Middlewares/ST/STM32_USB_Device_Library/Core/Src/usbd_ctlreq.o
 .debug_macro   0x0000000000018c73      0x3bb Middlewares/ST/STM32_USB_Device_Library/Core/Src/usbd_ioreq.o
 .debug_macro   0x000000000001902e      0x3ee USB_DEVICE/App/usb_device.o
 .debug_macro   0x000000000001941c       0x46 USB_DEVICE/App/usb_device.o
 .debug_macro   0x0000000000019462       0x22 USB_DEVICE/App/usb_device.o
 .debug_macro   0x0000000000019484       0x16 USB_DEVICE/App/usb_device.o
 .debug_macro   0x000000000001949a      0x3d9 USB_DEVICE/App/usbd_cdc_if.o
 .debug_macro   0x0000000000019873      0x3f2 USB_DEVICE/App/usbd_desc.o
 .debug_macro   0x0000000000019c65       0x1c USB_DEVICE/App/usbd_desc.o
 .debug_macro   0x0000000000019c81      0x3d2 USB_DEVICE/Target/usbd_conf.o

.debug_line     0x0000000000000000     0xe2b3
 .debug_line    0x0000000000000000      0xa40 Core/Src/main.o
 .debug_line    0x0000000000000a40      0x6c2 Core/Src/stm32f1xx_hal_msp.o
 .debug_line    0x0000000000001102      0x767 Core/Src/stm32f1xx_it.o
 .debug_line    0x0000000000001869      0x4c7 Core/Src/sysmem.o
 .debug_line    0x0000000000001d30      0x6b5 Core/Src/system_stm32f1xx.o
 .debug_line    0x00000000000023e5       0x87 Core/Startup/startup_stm32f103c8tx.o
 .debug_line    0x000000000000246c      0x868 Drivers/STM32F1xx_HAL_Driver/Src/stm32f1xx_hal.o
 .debug_line    0x0000000000002cd4      0x93f Drivers/STM32F1xx_HAL_Driver/Src/stm32f1xx_hal_cortex.o
 .debug_line    0x0000000000003613      0xacd Drivers/STM32F1xx_HAL_Driver/Src/stm32f1xx_hal_dma.o
 .debug_line    0x00000000000040e0      0x864 Drivers/STM32F1xx_HAL_Driver/Src/stm32f1xx_hal_gpio.o
 .debug_line    0x0000000000004944      0xd2d Drivers/STM32F1xx_HAL_Driver/Src/stm32f1xx_hal_pcd.o
 .debug_line    0x0000000000005671      0x6d9 Drivers/STM32F1xx_HAL_Driver/Src/stm32f1xx_hal_pcd_ex.o
 .debug_line    0x0000000000005d4a      0x928 Drivers/STM32F1xx_HAL_Driver/Src/stm32f1xx_hal_rcc.o
 .debug_line    0x0000000000006672      0x746 Drivers/STM32F1xx_HAL_Driver/Src/stm32f1xx_hal_rcc_ex.o
 .debug_line    0x0000000000006db8     0x10d8 Drivers/STM32F1xx_HAL_Driver/Src/stm32f1xx_hal_uart.o
 .debug_line    0x0000000000007e90      0xd7e Drivers/STM32F1xx_HAL_Driver/Src/stm32f1xx_ll_usb.o
 .debug_line    0x0000000000008c0e      0xb44 Middlewares/ST/STM32_USB_Device_Library/Class/CDC/Src/usbd_cdc.o
 .debug_line    0x0000000000009752      0xb7f Middlewares/ST/STM32_USB_Device_Library/Core/Src/usbd_core.o
 .debug_line    0x000000000000a2d1      0xc08 Middlewares/ST/STM32_USB_Device_Library/Core/Src/usbd_ctlreq.o
 .debug_line    0x000000000000aed9      0x9e8 Middlewares/ST/STM32_USB_Device_Library/Core/Src/usbd_ioreq.o
 .debug_line    0x000000000000b8c1      0x9ca USB_DEVICE/App/usb_device.o
 .debug_line    0x000000000000c28b      0xa03 USB_DEVICE/App/usbd_cdc_if.o
 .debug_line    0x000000000000cc8e      0xa1c USB_DEVICE/App/usbd_desc.o
 .debug_line    0x000000000000d6aa      0xc09 USB_DEVICE/Target/usbd_conf.o

.debug_str      0x0000000000000000    0x87905
 .debug_str     0x0000000000000000    0x84592 Core/Src/main.o
                                      0x84a76 (size before relaxing)
 .debug_str     0x0000000000084592      0x2e8 Core/Src/stm32f1xx_hal_msp.o
                                      0x7f87b (size before relaxing)
 .debug_str     0x000000000008487a      0x3b0 Core/Src/stm32f1xx_it.o
                                      0x7f8b0 (size before relaxing)
 .debug_str     0x0000000000084c2a      0x4e9 Core/Src/sysmem.o
                                       0x5f4a (size before relaxing)
 .debug_str     0x0000000000085113       0x52 Core/Src/system_stm32f1xx.o
                                      0x7f074 (size before relaxing)
 .debug_str     0x0000000000085165       0x36 Core/Startup/startup_stm32f103c8tx.o
                                         0x7a (size before relaxing)
 .debug_str     0x000000000008519b      0x2fa Drivers/STM32F1xx_HAL_Driver/Src/stm32f1xx_hal.o
                                      0x7f705 (size before relaxing)
 .debug_str     0x0000000000085495      0x2d8 Drivers/STM32F1xx_HAL_Driver/Src/stm32f1xx_hal_cortex.o
                                      0x7f70d (size before relaxing)
 .debug_str     0x000000000008576d      0x23a Drivers/STM32F1xx_HAL_Driver/Src/stm32f1xx_hal_dma.o
                                      0x7f44f (size before relaxing)
 .debug_str     0x00000000000859a7      0x31f Drivers/STM32F1xx_HAL_Driver/Src/stm32f1xx_hal_gpio.o
                                      0x7f438 (size before relaxing)
 .debug_str     0x0000000000085cc6      0x3e5 Drivers/STM32F1xx_HAL_Driver/Src/stm32f1xx_hal_pcd.o
                                      0x7f7c7 (size before relaxing)
 .debug_str     0x00000000000860ab      0x18d Drivers/STM32F1xx_HAL_Driver/Src/stm32f1xx_hal_pcd_ex.o
                                      0x7f514 (size before relaxing)
 .debug_str     0x0000000000086238      0x24f Drivers/STM32F1xx_HAL_Driver/Src/stm32f1xx_hal_rcc.o
                                      0x7f471 (size before relaxing)
 .debug_str     0x0000000000086487       0xb9 Drivers/STM32F1xx_HAL_Driver/Src/stm32f1xx_hal_rcc_ex.o
                                      0x7f1fe (size before relaxing)
 .debug_str     0x0000000000086540      0x5f3 Drivers/STM32F1xx_HAL_Driver/Src/stm32f1xx_hal_uart.o
                                      0x7fa63 (size before relaxing)
 .debug_str     0x0000000000086b33      0x2a1 Drivers/STM32F1xx_HAL_Driver/Src/stm32f1xx_ll_usb.o
                                      0x7f547 (size before relaxing)
 .debug_str     0x0000000000086dd4      0x28b Middlewares/ST/STM32_USB_Device_Library/Class/CDC/Src/usbd_cdc.o
                                      0x84972 (size before relaxing)
 .debug_str     0x000000000008705f      0x1b5 Middlewares/ST/STM32_USB_Device_Library/Core/Src/usbd_core.o
                                      0x8426d (size before relaxing)
 .debug_str     0x0000000000087214      0x134 Middlewares/ST/STM32_USB_Device_Library/Core/Src/usbd_ctlreq.o
                                      0x841f3 (size before relaxing)
 .debug_str     0x0000000000087348       0xc9 Middlewares/ST/STM32_USB_Device_Library/Core/Src/usbd_ioreq.o
                                      0x8417b (size before relaxing)
 .debug_str     0x0000000000087411       0xc2 USB_DEVICE/App/usb_device.o
                                      0x844e2 (size before relaxing)
 .debug_str     0x00000000000874d3       0x86 USB_DEVICE/App/usbd_cdc_if.o
                                      0x848e2 (size before relaxing)
 .debug_str     0x0000000000087559      0x258 USB_DEVICE/App/usbd_desc.o